Archive member included because of file (symbol)

/usr/lib/gcc/avr/4.8.2/../../../avr/lib/avr5/libm.a(fixsfsi.o)
                              obj_gherkin/common/mousekey.o (__fixsfsi)
/usr/lib/gcc/avr/4.8.2/../../../avr/lib/avr5/libm.a(fixunssfsi.o)
                              /usr/lib/gcc/avr/4.8.2/../../../avr/lib/avr5/libm.a(fixsfsi.o) (__fixunssfsi)
/usr/lib/gcc/avr/4.8.2/../../../avr/lib/avr5/libm.a(floatsisf.o)
                              obj_gherkin/common/mousekey.o (__floatsisf)
/usr/lib/gcc/avr/4.8.2/../../../avr/lib/avr5/libm.a(fp_split3.o)
                              /usr/lib/gcc/avr/4.8.2/../../../avr/lib/avr5/libm.a(fixunssfsi.o) (__fp_splitA)
/usr/lib/gcc/avr/4.8.2/../../../avr/lib/avr5/libm.a(fp_zero.o)
                              /usr/lib/gcc/avr/4.8.2/../../../avr/lib/avr5/libm.a(fixunssfsi.o) (__fp_zero)
/usr/lib/gcc/avr/4.8.2/../../../avr/lib/avr5/libm.a(mulsf3.o)
                              obj_gherkin/common/mousekey.o (__mulsf3)
/usr/lib/gcc/avr/4.8.2/../../../avr/lib/avr5/libm.a(mulsf3x.o)
                              /usr/lib/gcc/avr/4.8.2/../../../avr/lib/avr5/libm.a(mulsf3.o) (__mulsf3x)
/usr/lib/gcc/avr/4.8.2/../../../avr/lib/avr5/libm.a(fp_inf.o)
                              /usr/lib/gcc/avr/4.8.2/../../../avr/lib/avr5/libm.a(mulsf3x.o) (__fp_inf)
/usr/lib/gcc/avr/4.8.2/../../../avr/lib/avr5/libm.a(fp_nan.o)
                              /usr/lib/gcc/avr/4.8.2/../../../avr/lib/avr5/libm.a(mulsf3x.o) (__fp_nan)
/usr/lib/gcc/avr/4.8.2/../../../avr/lib/avr5/libm.a(fp_pscA.o)
                              /usr/lib/gcc/avr/4.8.2/../../../avr/lib/avr5/libm.a(mulsf3x.o) (__fp_pscA)
/usr/lib/gcc/avr/4.8.2/../../../avr/lib/avr5/libm.a(fp_pscB.o)
                              /usr/lib/gcc/avr/4.8.2/../../../avr/lib/avr5/libm.a(mulsf3x.o) (__fp_pscB)
/usr/lib/gcc/avr/4.8.2/../../../avr/lib/avr5/libm.a(fp_round.o)
                              /usr/lib/gcc/avr/4.8.2/../../../avr/lib/avr5/libm.a(mulsf3.o) (__fp_round)
/usr/lib/gcc/avr/4.8.2/avr5/libgcc.a(_udivmodqi4.o)
                              obj_gherkin/protocol/lufa/lufa.o (__udivmodqi4)
/usr/lib/gcc/avr/4.8.2/avr5/libgcc.a(_divmodhi4.o)
                              obj_gherkin/common/mousekey.o (__divmodhi4)
/usr/lib/gcc/avr/4.8.2/avr5/libgcc.a(_exit.o)
                              /usr/lib/gcc/avr/4.8.2/../../../avr/lib/avr5/crtm32u4.o (exit)
/usr/lib/gcc/avr/4.8.2/avr5/libgcc.a(_tablejump.o)
                              obj_gherkin/protocol/lufa/LUFA-git/LUFA/Drivers/USB/Core/DeviceStandardReq.o (__tablejump2__)
/usr/lib/gcc/avr/4.8.2/avr5/libgcc.a(_copy_data.o)
                              obj_gherkin/matrix.o (__do_copy_data)
/usr/lib/gcc/avr/4.8.2/avr5/libgcc.a(_clear_bss.o)
                              obj_gherkin/matrix.o (__do_clear_bss)
/usr/lib/gcc/avr/4.8.2/avr5/libgcc.a(_udivmodhi4.o)
                              /usr/lib/gcc/avr/4.8.2/avr5/libgcc.a(_divmodhi4.o) (__udivmodhi4)
/usr/lib/gcc/avr/4.8.2/../../../avr/lib/avr5/libc.a(eerd_byte_atmega32u4.o)
                              obj_gherkin/protocol/lufa/LUFA-git/LUFA/Drivers/USB/Core/AVR8/EndpointStream_AVR8.o (__eerd_byte_m32u4)
/usr/lib/gcc/avr/4.8.2/../../../avr/lib/avr5/libc.a(eerd_word_atmega32u4.o)
                              obj_gherkin/common/avr/eeconfig.o (__eerd_word_m32u4)
/usr/lib/gcc/avr/4.8.2/../../../avr/lib/avr5/libc.a(eeupd_byte_atmega32u4.o)
                              obj_gherkin/protocol/lufa/LUFA-git/LUFA/Drivers/USB/Core/AVR8/EndpointStream_AVR8.o (__eeupd_byte_m32u4)
/usr/lib/gcc/avr/4.8.2/../../../avr/lib/avr5/libc.a(eewr_byte_atmega32u4.o)
                              obj_gherkin/common/avr/eeconfig.o (__eewr_byte_m32u4)
/usr/lib/gcc/avr/4.8.2/../../../avr/lib/avr5/libc.a(eewr_word_atmega32u4.o)
                              obj_gherkin/common/avr/eeconfig.o (__eewr_word_m32u4)
/usr/lib/gcc/avr/4.8.2/../../../avr/lib/avr5/libc.a(eerd_block_atmega32u4.o)
                              /usr/lib/gcc/avr/4.8.2/../../../avr/lib/avr5/libc.a(eerd_word_atmega32u4.o) (__eerd_blraw_m32u4)

Allocating common symbols
Common symbol       size              file

USB_IsInitialized   0x1               obj_gherkin/protocol/lufa/LUFA-git/LUFA/Drivers/USB/Core/USBTask.o
keymap_config       0x1               obj_gherkin/common/bootmagic.o
backlight_config    0x1               obj_gherkin/common/backlight.o
USB_DeviceState     0x1               obj_gherkin/protocol/lufa/LUFA-git/LUFA/Drivers/USB/Core/USBTask.o
USB_Device_ConfigurationNumber
                    0x1               obj_gherkin/protocol/lufa/LUFA-git/LUFA/Drivers/USB/Core/DeviceStandardReq.o
USB_Device_CurrentlySelfPowered
                    0x1               obj_gherkin/protocol/lufa/LUFA-git/LUFA/Drivers/USB/Core/DeviceStandardReq.o
USB_ControlRequest  0x8               obj_gherkin/protocol/lufa/LUFA-git/LUFA/Drivers/USB/Core/USBTask.o
USB_Device_RemoteWakeupEnabled
[...]
Memory Configuration

Name             Origin             Length             Attributes
text             0x0000000000000000 0x0000000000020000 xr
data             0x0000000000800060 0x000000000000ffa0 rw !x
eeprom           0x0000000000810000 0x0000000000010000 rw !x
fuse             0x0000000000820000 0x0000000000000400 rw !x
lock             0x0000000000830000 0x0000000000000400 rw !x
signature        0x0000000000840000 0x0000000000000400 rw !x
user_signatures  0x0000000000850000 0x0000000000000400 rw !x
*default*        0x0000000000000000 0xffffffffffffffff

Linker script and memory map

Address of section .data set to 0x800100
LOAD /usr/lib/gcc/avr/4.8.2/../../../avr/lib/avr5/crtm32u4.o
LOAD obj_gherkin/actionmap_gherkin.o
LOAD obj_gherkin/matrix.o
LOAD obj_gherkin/led.o
LOAD obj_gherkin/backlight.o
LOAD obj_gherkin/protocol/lufa/lufa.o
LOAD obj_gherkin/protocol/lufa/descriptor.o
LOAD obj_gherkin/protocol/lufa/LUFA-git/LUFA/Drivers/USB/Class/Common/HIDParser.o
LOAD obj_gherkin/protocol/lufa/LUFA-git/LUFA/Drivers/USB/Core/AVR8/Device_AVR8.o
LOAD obj_gherkin/protocol/lufa/LUFA-git/LUFA/Drivers/USB/Core/AVR8/EndpointStream_AVR8.o
LOAD obj_gherkin/protocol/lufa/LUFA-git/LUFA/Drivers/USB/Core/AVR8/Endpoint_AVR8.o
LOAD obj_gherkin/protocol/lufa/LUFA-git/LUFA/Drivers/USB/Core/AVR8/Host_AVR8.o
LOAD obj_gherkin/protocol/lufa/LUFA-git/LUFA/Drivers/USB/Core/AVR8/PipeStream_AVR8.o
LOAD obj_gherkin/protocol/lufa/LUFA-git/LUFA/Drivers/USB/Core/AVR8/Pipe_AVR8.o
LOAD obj_gherkin/protocol/lufa/LUFA-git/LUFA/Drivers/USB/Core/AVR8/USBController_AVR8.o
LOAD obj_gherkin/protocol/lufa/LUFA-git/LUFA/Drivers/USB/Core/AVR8/USBInterrupt_AVR8.o
LOAD obj_gherkin/protocol/lufa/LUFA-git/LUFA/Drivers/USB/Core/ConfigDescriptors.o
LOAD obj_gherkin/protocol/lufa/LUFA-git/LUFA/Drivers/USB/Core/DeviceStandardReq.o
LOAD obj_gherkin/protocol/lufa/LUFA-git/LUFA/Drivers/USB/Core/Events.o
LOAD obj_gherkin/protocol/lufa/LUFA-git/LUFA/Drivers/USB/Core/HostStandardReq.o
LOAD obj_gherkin/protocol/lufa/LUFA-git/LUFA/Drivers/USB/Core/USBTask.o
LOAD obj_gherkin/common/host.o
LOAD obj_gherkin/common/keyboard.o
LOAD obj_gherkin/common/matrix.o
LOAD obj_gherkin/common/action.o
LOAD obj_gherkin/common/action_tapping.o
LOAD obj_gherkin/common/action_macro.o
LOAD obj_gherkin/common/action_layer.o
LOAD obj_gherkin/common/action_util.o
LOAD obj_gherkin/common/print.o
LOAD obj_gherkin/common/debug.o
LOAD obj_gherkin/common/util.o
LOAD obj_gherkin/common/hook.o
LOAD obj_gherkin/common/avr/suspend.o
LOAD obj_gherkin/common/avr/xprintf.o
LOAD obj_gherkin/common/avr/timer.o
LOAD obj_gherkin/common/avr/bootloader.o
LOAD obj_gherkin/common/actionmap.o
LOAD obj_gherkin/common/bootmagic.o
LOAD obj_gherkin/common/avr/eeconfig.o
LOAD obj_gherkin/common/mousekey.o
LOAD obj_gherkin/common/command.o
LOAD obj_gherkin/common/backlight.o
LOAD /usr/lib/gcc/avr/4.8.2/../../../avr/lib/avr5/libm.a
START GROUP
LOAD /usr/lib/gcc/avr/4.8.2/avr5/libgcc.a
LOAD /usr/lib/gcc/avr/4.8.2/../../../avr/lib/avr5/libm.a
LOAD /usr/lib/gcc/avr/4.8.2/../../../avr/lib/avr5/libc.a
END GROUP

.hash
 *(.hash)

.dynsym
 *(.dynsym)

.dynstr
 *(.dynstr)

.gnu.version
 *(.gnu.version)

.gnu.version_d
 *(.gnu.version_d)

.gnu.version_r
 *(.gnu.version_r)

.rel.init
 *(.rel.init)

.rela.init
 *(.rela.init)

.rel.text
 *(.rel.text)
 *(.rel.text.*)
 *(.rel.gnu.linkonce.t*)

.rela.text
 *(.rela.text)
 *(.rela.text.*)
 *(.rela.gnu.linkonce.t*)

.rel.fini
 *(.rel.fini)

.rela.fini
 *(.rela.fini)

.rel.rodata
 *(.rel.rodata)
 *(.rel.rodata.*)
 *(.rel.gnu.linkonce.r*)

.rela.rodata
 *(.rela.rodata)
 *(.rela.rodata.*)
 *(.rela.gnu.linkonce.r*)

.rel.data
 *(.rel.data)
 *(.rel.data.*)
 *(.rel.gnu.linkonce.d*)

.rela.data
 *(.rela.data)
 *(.rela.data.*)
 *(.rela.gnu.linkonce.d*)

.rel.ctors
 *(.rel.ctors)

.rela.ctors
 *(.rela.ctors)

.rel.dtors
 *(.rel.dtors)

.rela.dtors
 *(.rela.dtors)

.rel.got
 *(.rel.got)

.rela.got
 *(.rela.got)

.rel.bss
 *(.rel.bss)

.rela.bss
 *(.rela.bss)

.rel.plt
 *(.rel.plt)

.rela.plt
 *(.rela.plt)

.text           0x0000000000000000     0x56ca
 *(.vectors)
 .vectors       0x0000000000000000       0xac /usr/lib/gcc/avr/4.8.2/../../../avr/lib/avr5/crtm32u4.o
                0x0000000000000000                __vectors
                0x0000000000000000                __vector_default
 *(.vectors)
 *(.progmem.gcc*)
 .progmem.gcc_sw_table.USB_Device_ProcessControlRequest
                0x00000000000000ac       0x14 obj_gherkin/protocol/lufa/LUFA-git/LUFA/Drivers/USB/Core/DeviceStandardReq.o
 .progmem.gcc_sw_table.process_action
                0x00000000000000c0       0x20 obj_gherkin/common/action.o
 *(.progmem*)
 .progmem.data.actionmaps
                0x00000000000000e0      0x168 obj_gherkin/actionmap_gherkin.o
                0x00000000000000e0                actionmaps
 .progmem.data.__c.1928
                0x0000000000000248        0x2 obj_gherkin/matrix.o
 .progmem.data.__c.1926
                0x000000000000024a        0x6 obj_gherkin/matrix.o
 .progmem.data.__c.1924
                0x0000000000000250        0x3 obj_gherkin/matrix.o
 .progmem.data.__c.1922
                0x0000000000000253        0x5 obj_gherkin/matrix.o
 .progmem.data.__c.1919
                0x0000000000000258       0x17 obj_gherkin/matrix.o
 .progmem.data.__c.1897
                0x000000000000026f        0x2 obj_gherkin/matrix.o
 .progmem.data.__c.1895
                0x0000000000000271        0x5 obj_gherkin/matrix.o
 .progmem.data.__c.1893
                0x0000000000000276        0xa obj_gherkin/matrix.o
 .progmem.data.__c.4870
                0x0000000000000280       0x11 obj_gherkin/protocol/lufa/lufa.o
 .progmem.data.__c.4868
                0x0000000000000291       0x11 obj_gherkin/protocol/lufa/lufa.o
 .progmem.data.__c.4863
                0x00000000000002a2        0x8 obj_gherkin/protocol/lufa/lufa.o
 .progmem.data.__c.4757
                0x00000000000002aa        0x4 obj_gherkin/protocol/lufa/lufa.o
 .progmem.data.__c.4752
                0x00000000000002ae        0x4 obj_gherkin/protocol/lufa/lufa.o
 .progmem.data.ProductString
                0x00000000000002b2       0x2c obj_gherkin/protocol/lufa/descriptor.o
                0x00000000000002b2                ProductString
 .progmem.data.ManufacturerString
                0x00000000000002de        0xe obj_gherkin/protocol/lufa/descriptor.o
                0x00000000000002de                ManufacturerString
 .progmem.data.LanguageString
                0x00000000000002ec        0x4 obj_gherkin/protocol/lufa/descriptor.o
                0x00000000000002ec                LanguageString
 .progmem.data.ConfigurationDescriptor
                0x00000000000002f0       0x8d obj_gherkin/protocol/lufa/descriptor.o
                0x00000000000002f0                ConfigurationDescriptor
 .progmem.data.DeviceDescriptor
                0x000000000000037d       0x12 obj_gherkin/protocol/lufa/descriptor.o
                0x000000000000037d                DeviceDescriptor
 .progmem.data.NKROReport
                0x000000000000038f       0x39 obj_gherkin/protocol/lufa/descriptor.o
                0x000000000000038f                NKROReport
 .progmem.data.ConsoleReport
                0x00000000000003c8       0x22 obj_gherkin/protocol/lufa/descriptor.o
                0x00000000000003c8                ConsoleReport
 .progmem.data.ExtrakeyReport
                0x00000000000003ea       0x36 obj_gherkin/protocol/lufa/descriptor.o
                0x00000000000003ea                ExtrakeyReport
 .progmem.data.MouseReport
                0x0000000000000420       0x4d obj_gherkin/protocol/lufa/descriptor.o
                0x0000000000000420                MouseReport
 .progmem.data.KeyboardReport
                0x000000000000046d       0x40 obj_gherkin/protocol/lufa/descriptor.o
                0x000000000000046d                KeyboardReport
 .progmem.data.__c.4488
                0x00000000000004ad       0x10 obj_gherkin/common/host.o
 .progmem.data.__c.4483
                0x00000000000004bd        0xe obj_gherkin/common/host.o
 .progmem.data.__c.4475
                0x00000000000004cb        0x2 obj_gherkin/common/host.o
 .progmem.data.__c.4470
                0x00000000000004cd        0x6 obj_gherkin/common/host.o
 .progmem.data.__c.4467
                0x00000000000004d3        0xb obj_gherkin/common/host.o
 .progmem.data.__c.4834
                0x00000000000004de        0xb obj_gherkin/common/keyboard.o
 .progmem.data.__c.4615
                0x00000000000004e9       0x1e obj_gherkin/common/action_util.o
 .progmem.data.__c.4610
                0x0000000000000507       0x1e obj_gherkin/common/action_util.o
 .progmem.data.__c.4786
                0x0000000000000525        0x7 obj_gherkin/common/bootmagic.o
 .progmem.data.__c.4780
                0x000000000000052c       0x15 obj_gherkin/common/bootmagic.o
 .progmem.data.__c.4547
                0x0000000000000541        0x3 obj_gherkin/common/mousekey.o
 .progmem.data.__c.4545
                0x0000000000000544        0x3 obj_gherkin/common/mousekey.o
 .progmem.data.__c.4543
                0x0000000000000547        0x2 obj_gherkin/common/mousekey.o
 .progmem.data.__c.4541
                0x0000000000000549        0x3 obj_gherkin/common/mousekey.o
 .progmem.data.__c.4539
                0x000000000000054c        0x3 obj_gherkin/common/mousekey.o
 .progmem.data.__c.4537
                0x000000000000054f        0x3 obj_gherkin/common/mousekey.o
 .progmem.data.__c.4535
                0x0000000000000552        0x2 obj_gherkin/common/mousekey.o
 .progmem.data.__c.4533
                0x0000000000000554        0x3 obj_gherkin/common/mousekey.o
 .progmem.data.__c.4531
                0x0000000000000557        0x2 obj_gherkin/common/mousekey.o
 .progmem.data.__c.4529
                0x0000000000000559        0x3 obj_gherkin/common/mousekey.o
 .progmem.data.__c.4527
                0x000000000000055c        0x2 obj_gherkin/common/mousekey.o
 .progmem.data.__c.4525
                0x000000000000055e        0x3 obj_gherkin/common/mousekey.o
 .progmem.data.__c.4523
                0x0000000000000561        0x2 obj_gherkin/common/mousekey.o
 .progmem.data.__c.4521
                0x0000000000000563        0x5 obj_gherkin/common/mousekey.o
 .progmem.data.__c.4519
                0x0000000000000568       0x23 obj_gherkin/common/mousekey.o
 .progmem.data.__c.5178
                0x000000000000058b       0x1b obj_gherkin/common/command.o
 .progmem.data.__c.5175
                0x00000000000005a6       0x19 obj_gherkin/common/command.o
 .progmem.data.__c.5172
                0x00000000000005bf       0x15 obj_gherkin/common/command.o
 .progmem.data.__c.5169
                0x00000000000005d4       0x13 obj_gherkin/common/command.o
 .progmem.data.__c.5166
                0x00000000000005e7       0x12 obj_gherkin/common/command.o
 .progmem.data.__c.5162
                0x00000000000005f9        0xf obj_gherkin/common/command.o
 .progmem.data.__c.5155
                0x0000000000000608       0x1b obj_gherkin/common/command.o
 .progmem.data.__c.5152
                0x0000000000000623       0x19 obj_gherkin/common/command.o
 .progmem.data.__c.5149
                0x000000000000063c       0x15 obj_gherkin/common/command.o
 .progmem.data.__c.5146
                0x0000000000000651       0x13 obj_gherkin/common/command.o
 .progmem.data.__c.5143
                0x0000000000000664       0x12 obj_gherkin/common/command.o
 .progmem.data.__c.5139
                0x0000000000000676        0xf obj_gherkin/common/command.o
 .progmem.data.__c.5132
                0x0000000000000685        0x2 obj_gherkin/common/command.o
 .progmem.data.__c.5130
                0x0000000000000687        0x3 obj_gherkin/common/command.o
 .progmem.data.__c.5128
                0x000000000000068a       0x17 obj_gherkin/common/command.o
 .progmem.data.__c.5126
                0x00000000000006a1        0x2 obj_gherkin/common/command.o
 .progmem.data.__c.5124
                0x00000000000006a3        0x3 obj_gherkin/common/command.o
 .progmem.data.__c.5122
                0x00000000000006a6       0x15 obj_gherkin/common/command.o
 .progmem.data.__c.5120
                0x00000000000006bb        0x2 obj_gherkin/common/command.o
 .progmem.data.__c.5118
                0x00000000000006bd        0x3 obj_gherkin/common/command.o
 .progmem.data.__c.5116
                0x00000000000006c0       0x11 obj_gherkin/common/command.o
 .progmem.data.__c.5114
                0x00000000000006d1        0x2 obj_gherkin/common/command.o
 .progmem.data.__c.5112
                0x00000000000006d3        0x3 obj_gherkin/common/command.o
 .progmem.data.__c.5110
                0x00000000000006d6        0xf obj_gherkin/common/command.o
 .progmem.data.__c.5108
                0x00000000000006e5        0x2 obj_gherkin/common/command.o
 .progmem.data.__c.5106
                0x00000000000006e7        0x3 obj_gherkin/common/command.o
 .progmem.data.__c.5104
                0x00000000000006ea       0x12 obj_gherkin/common/command.o
 .progmem.data.__c.5102
                0x00000000000006fc        0x2 obj_gherkin/common/command.o
 .progmem.data.__c.5100
                0x00000000000006fe        0x3 obj_gherkin/common/command.o
 .progmem.data.__c.5098
                0x0000000000000701       0x12 obj_gherkin/common/command.o
 .progmem.data.__c.5096
                0x0000000000000713        0xe obj_gherkin/common/command.o
 .progmem.data.__c.5216
                0x0000000000000721        0x3 obj_gherkin/common/command.o
 .progmem.data.__c.5214
                0x0000000000000724        0x6 obj_gherkin/common/command.o
 .progmem.data.__c.5212
                0x000000000000072a        0x2 obj_gherkin/common/command.o
 .progmem.data.__c.5209
                0x000000000000072c        0xd obj_gherkin/common/command.o
 .progmem.data.__c.5195
                0x0000000000000739        0x4 obj_gherkin/common/command.o
 .progmem.data.__c.5185
                0x000000000000073d       0x4e obj_gherkin/common/command.o
 .progmem.data.__c.5183
                0x000000000000078b       0xfb obj_gherkin/common/command.o
 .progmem.data.__c.5088
                0x0000000000000886        0x2 obj_gherkin/common/command.o
 .progmem.data.__c.5085
                0x0000000000000888        0x4 obj_gherkin/common/command.o
 .progmem.data.__c.5090
                0x000000000000088c        0x4 obj_gherkin/common/command.o
 .progmem.data.__c.5234
                0x0000000000000890        0x5 obj_gherkin/common/command.o
 .progmem.data.__c.5074
                0x0000000000000895       0x27 obj_gherkin/common/command.o
 .progmem.data.__c.4880
                0x00000000000008bc       0xa5 obj_gherkin/common/command.o
 .progmem.data.__c.4994
                0x0000000000000961        0x2 obj_gherkin/common/command.o
 .progmem.data.__c.4992
                0x0000000000000963        0x3 obj_gherkin/common/command.o
 .progmem.data.__c.4990
                0x0000000000000966        0x9 obj_gherkin/common/command.o
 .progmem.data.__c.4988
                0x000000000000096f        0x2 obj_gherkin/common/command.o
 .progmem.data.__c.4986
                0x0000000000000971        0x3 obj_gherkin/common/command.o
 .progmem.data.__c.4984
                0x0000000000000974        0xa obj_gherkin/common/command.o
 .progmem.data.__c.4982
                0x000000000000097e        0x2 obj_gherkin/common/command.o
 .progmem.data.__c.4980
                0x0000000000000980        0x5 obj_gherkin/common/command.o
 .progmem.data.__c.4978
                0x0000000000000985       0x17 obj_gherkin/common/command.o
 .progmem.data.__c.4975
                0x000000000000099c        0x2 obj_gherkin/common/command.o
 .progmem.data.__c.4973
                0x000000000000099e        0x3 obj_gherkin/common/command.o
 .progmem.data.__c.4971
                0x00000000000009a1        0x8 obj_gherkin/common/command.o
 .progmem.data.__c.4969
                0x00000000000009a9        0x2 obj_gherkin/common/command.o
 .progmem.data.__c.4967
                0x00000000000009ab        0x3 obj_gherkin/common/command.o
 .progmem.data.__c.4965
                0x00000000000009ae       0x1c obj_gherkin/common/command.o
 .progmem.data.__c.4963
                0x00000000000009ca        0x2 obj_gherkin/common/command.o
 .progmem.data.__c.4961
                0x00000000000009cc        0x3 obj_gherkin/common/command.o
 .progmem.data.__c.4959
                0x00000000000009cf       0x12 obj_gherkin/common/command.o
 .progmem.data.__c.4957
                0x00000000000009e1        0x2 obj_gherkin/common/command.o
 .progmem.data.__c.4955
                0x00000000000009e3        0x3 obj_gherkin/common/command.o
 .progmem.data.__c.4953
                0x00000000000009e6        0xa obj_gherkin/common/command.o
 .progmem.data.__c.4951
                0x00000000000009f0        0x2 obj_gherkin/common/command.o
 .progmem.data.__c.4949
                0x00000000000009f2        0x3 obj_gherkin/common/command.o
 .progmem.data.__c.4947
                0x00000000000009f5       0x12 obj_gherkin/common/command.o
 .progmem.data.__c.4945
                0x0000000000000a07        0x2 obj_gherkin/common/command.o
 .progmem.data.__c.4943
                0x0000000000000a09        0x3 obj_gherkin/common/command.o
 .progmem.data.__c.4941
                0x0000000000000a0c       0x12 obj_gherkin/common/command.o
 .progmem.data.__c.4939
                0x0000000000000a1e        0x2 obj_gherkin/common/command.o
 .progmem.data.__c.4937
                0x0000000000000a20        0x3 obj_gherkin/common/command.o
 .progmem.data.__c.4935
                0x0000000000000a23       0x17 obj_gherkin/common/command.o
 .progmem.data.__c.4933
                0x0000000000000a3a        0x2 obj_gherkin/common/command.o
 .progmem.data.__c.4931
                0x0000000000000a3c        0x3 obj_gherkin/common/command.o
 .progmem.data.__c.4929
                0x0000000000000a3f       0x19 obj_gherkin/common/command.o
 .progmem.data.__c.4927
                0x0000000000000a58        0x2 obj_gherkin/common/command.o
 .progmem.data.__c.4925
                0x0000000000000a5a        0x5 obj_gherkin/common/command.o
 .progmem.data.__c.4923
                0x0000000000000a5f       0x14 obj_gherkin/common/command.o
 .progmem.data.__c.4920
                0x0000000000000a73        0x2 obj_gherkin/common/command.o
 .progmem.data.__c.4918
                0x0000000000000a75        0x3 obj_gherkin/common/command.o
 .progmem.data.__c.4916
                0x0000000000000a78        0x9 obj_gherkin/common/command.o
 .progmem.data.__c.4914
                0x0000000000000a81        0x2 obj_gherkin/common/command.o
 .progmem.data.__c.4912
                0x0000000000000a83        0x3 obj_gherkin/common/command.o
 .progmem.data.__c.4910
                0x0000000000000a86        0xc obj_gherkin/common/command.o
 .progmem.data.__c.4908
                0x0000000000000a92        0x2 obj_gherkin/common/command.o
 .progmem.data.__c.4906
                0x0000000000000a94        0x3 obj_gherkin/common/command.o
 .progmem.data.__c.4904
                0x0000000000000a97        0xa obj_gherkin/common/command.o
 .progmem.data.__c.4902
                0x0000000000000aa1        0x2 obj_gherkin/common/command.o
 .progmem.data.__c.4900
                0x0000000000000aa3        0x3 obj_gherkin/common/command.o
 .progmem.data.__c.4898
                0x0000000000000aa6        0xa obj_gherkin/common/command.o
 .progmem.data.__c.4896
                0x0000000000000ab0        0x2 obj_gherkin/common/command.o
 .progmem.data.__c.4894
                0x0000000000000ab2        0x5 obj_gherkin/common/command.o
 .progmem.data.__c.4892
                0x0000000000000ab7       0x13 obj_gherkin/common/command.o
 .progmem.data.__c.4889
                0x0000000000000aca        0x2 obj_gherkin/common/command.o
 .progmem.data.__c.4887
                0x0000000000000acc        0x3 obj_gherkin/common/command.o
 .progmem.data.__c.4885
                0x0000000000000acf       0x10 obj_gherkin/common/command.o
 .progmem.data.__c.5069
                0x0000000000000adf        0x2 obj_gherkin/common/command.o
 .progmem.data.__c.5060
                0x0000000000000ae1        0xb obj_gherkin/common/command.o
 .progmem.data.__c.5058
                0x0000000000000aec        0xa obj_gherkin/common/command.o
 .progmem.data.__c.5055
                0x0000000000000af6       0x17 obj_gherkin/common/command.o
 .progmem.data.__c.5053
                0x0000000000000b0d       0x13 obj_gherkin/common/command.o
 .progmem.data.__c.5051
                0x0000000000000b20       0x13 obj_gherkin/common/command.o
 .progmem.data.__c.5049
                0x0000000000000b33       0x17 obj_gherkin/common/command.o
 .progmem.data.__c.5047
                0x0000000000000b4a       0x1a obj_gherkin/common/command.o
 .progmem.data.__c.5045
                0x0000000000000b64        0xe obj_gherkin/common/command.o
 .progmem.data.__c.5042
                0x0000000000000b72       0x2b obj_gherkin/common/command.o
 .progmem.data.__c.5040
                0x0000000000000b9d       0x45 obj_gherkin/common/command.o
 .progmem.data.__c.5038
                0x0000000000000be2       0x27 obj_gherkin/common/command.o
 .progmem.data.__c.5036
                0x0000000000000c09       0x42 obj_gherkin/common/command.o
 .progmem.data.__c.5034
                0x0000000000000c4b       0x19 obj_gherkin/common/command.o
 .progmem.data.__c.5032
                0x0000000000000c64        0xf obj_gherkin/common/command.o
 .progmem.data.__c.5029
                0x0000000000000c73        0xd obj_gherkin/common/command.o
 .progmem.data.__c.5027
                0x0000000000000c80        0xc obj_gherkin/common/command.o
 .progmem.data.__c.5024
                0x0000000000000c8c       0x10 obj_gherkin/common/command.o
 .progmem.data.__c.5022
                0x0000000000000c9c        0xf obj_gherkin/common/command.o
 .progmem.data.__c.5019
                0x0000000000000cab        0xe obj_gherkin/common/command.o
 .progmem.data.__c.5017
                0x0000000000000cb9        0xd obj_gherkin/common/command.o
 .progmem.data.__c.5014
                0x0000000000000cc6        0xc obj_gherkin/common/command.o
 .progmem.data.__c.5012
                0x0000000000000cd2        0xd obj_gherkin/common/command.o
 .progmem.data.__c.5009
                0x0000000000000cdf       0x11 obj_gherkin/common/command.o
 .progmem.data.__c.5006
                0x0000000000000cf0        0x4 obj_gherkin/common/command.o
 .progmem.data.__c.5000
                0x0000000000000cf4        0xb obj_gherkin/common/command.o
 .progmem.data.__c.1777
                0x0000000000000cff       0x14 obj_gherkin/common/backlight.o
 .progmem.data.__c.1772
                0x0000000000000d13       0x16 obj_gherkin/common/backlight.o
 .progmem.data.__c.1767
                0x0000000000000d29       0x18 obj_gherkin/common/backlight.o
 .progmem.data.__c.1762
                0x0000000000000d41       0x18 obj_gherkin/common/backlight.o
                0x0000000000000d5a                . = ALIGN (0x2)
 *fill*         0x0000000000000d59        0x1 
                0x0000000000000d5a                __trampolines_start = .
 *(.trampolines)
 .trampolines   0x0000000000000d5a        0x0 linker stubs
 *(.trampolines*)
                0x0000000000000d5a                __trampolines_end = .
 *(.jumptables)
 *(.jumptables*)
 *(.lowtext)
 *(.lowtext*)
                0x0000000000000d5a                __ctors_start = .
 *(.ctors)
                0x0000000000000d5a                __ctors_end = .
                0x0000000000000d5a                __dtors_start = .
 *(.dtors)
                0x0000000000000d5a                __dtors_end = .
 SORT(*)(.ctors)
 SORT(*)(.dtors)
 *(.init0)
 .init0         0x0000000000000d5a        0x0 /usr/lib/gcc/avr/4.8.2/../../../avr/lib/avr5/crtm32u4.o
                0x0000000000000d5a                __init
 *(.init0)
 *(.init1)
 *(.init1)
 *(.init2)
 .init2         0x0000000000000d5a        0xc /usr/lib/gcc/avr/4.8.2/../../../avr/lib/avr5/crtm32u4.o
 *(.init2)
 *(.init3)
 .init3         0x0000000000000d66       0x4e obj_gherkin/common/avr/bootloader.o
                0x0000000000000d66                bootloader_jump_after_watchdog_reset
 *(.init3)
 *(.init4)
 .init4         0x0000000000000db4       0x16 /usr/lib/gcc/avr/4.8.2/avr5/libgcc.a(_copy_data.o)
                0x0000000000000db4                __do_copy_data
 .init4         0x0000000000000dca       0x10 /usr/lib/gcc/avr/4.8.2/avr5/libgcc.a(_clear_bss.o)
                0x0000000000000dca                __do_clear_bss
 *(.init4)
 *(.init5)
 *(.init5)
 *(.init6)
 *(.init6)
 *(.init7)
 *(.init7)
 *(.init8)
 *(.init8)
 *(.init9)
 .init9         0x0000000000000dda        0x8 /usr/lib/gcc/avr/4.8.2/../../../avr/lib/avr5/crtm32u4.o
 *(.init9)
 *(.text)
 .text          0x0000000000000de2        0x4 /usr/lib/gcc/avr/4.8.2/../../../avr/lib/avr5/crtm32u4.o
                0x0000000000000de2                __vector_38
                0x0000000000000de2                __vector_22
                0x0000000000000de2                __vector_28
                0x0000000000000de2                __vector_1
                0x0000000000000de2                __vector_32
                0x0000000000000de2                __vector_34
                0x0000000000000de2                __vector_24
                0x0000000000000de2                __bad_interrupt
                0x0000000000000de2                __vector_6
                0x0000000000000de2                __vector_31
                0x0000000000000de2                __vector_35
                0x0000000000000de2                __vector_39
                0x0000000000000de2                __vector_3
                0x0000000000000de2                __vector_23
                0x0000000000000de2                __vector_30
                0x0000000000000de2                __vector_25
                0x0000000000000de2                __vector_13
                0x0000000000000de2                __vector_17
                0x0000000000000de2                __vector_19
                0x0000000000000de2                __vector_7
                0x0000000000000de2                __vector_41
                0x0000000000000de2                __vector_27
                0x0000000000000de2                __vector_5
                0x0000000000000de2                __vector_33
                0x0000000000000de2                __vector_37
                0x0000000000000de2                __vector_4
                0x0000000000000de2                __vector_9
                0x0000000000000de2                __vector_2
                0x0000000000000de2                __vector_15
                0x0000000000000de2                __vector_36
                0x0000000000000de2                __vector_29
                0x0000000000000de2                __vector_40
                0x0000000000000de2                __vector_8
                0x0000000000000de2                __vector_26
                0x0000000000000de2                __vector_14
                0x0000000000000de2                __vector_16
                0x0000000000000de2                __vector_18
                0x0000000000000de2                __vector_20
                0x0000000000000de2                __vector_42
 .text          0x0000000000000de6      0x15c obj_gherkin/common/avr/xprintf.o
                0x0000000000000de6                xputc
                0x0000000000000dfe                xputs
                0x0000000000000e0c                xitoa
                0x0000000000000f30                __xprintf
                0x0000000000000f42                . = ALIGN (0x2)
 *(.text.*)
 .text.unselect_rows
                0x0000000000000f42       0x12 obj_gherkin/matrix.o
 .text.matrix_init
                0x0000000000000f54       0x42 obj_gherkin/matrix.o
                0x0000000000000f54                matrix_init
 .text.matrix_scan
                0x0000000000000f96      0x146 obj_gherkin/matrix.o
                0x0000000000000f96                matrix_scan
 .text.matrix_get_row
                0x00000000000010dc        0xc obj_gherkin/matrix.o
                0x00000000000010dc                matrix_get_row
 .text.matrix_print
                0x00000000000010e8       0x8e obj_gherkin/matrix.o
                0x00000000000010e8                matrix_print
 .text.led_set  0x0000000000001176       0x16 obj_gherkin/led.o
                0x0000000000001176                led_set
 .text.backlight_init_ports
                0x000000000000118c       0x28 obj_gherkin/backlight.o
                0x000000000000118c                backlight_init_ports
 .text.backlight_set
                0x00000000000011b4       0x5e obj_gherkin/backlight.o
                0x00000000000011b4                backlight_set
 .text.keyboard_leds
                0x0000000000001212        0x6 obj_gherkin/protocol/lufa/lufa.o
 .text.sendchar
                0x0000000000001218       0xc8 obj_gherkin/protocol/lufa/lufa.o
                0x0000000000001218                sendchar
 .text.send_consumer
                0x00000000000012e0       0x66 obj_gherkin/protocol/lufa/lufa.o
 .text.send_system
                0x0000000000001346       0x68 obj_gherkin/protocol/lufa/lufa.o
 .text.send_mouse
                0x00000000000013ae       0x46 obj_gherkin/protocol/lufa/lufa.o
 .text.send_keyboard
                0x00000000000013f4       0xa4 obj_gherkin/protocol/lufa/lufa.o
 .text.EVENT_USB_Device_Connect
                0x0000000000001498       0x24 obj_gherkin/protocol/lufa/lufa.o
                0x0000000000001498                EVENT_USB_Device_Connect
 .text.EVENT_USB_Device_Disconnect
                0x00000000000014bc        0xe obj_gherkin/protocol/lufa/lufa.o
                0x00000000000014bc                EVENT_USB_Device_Disconnect
 .text.EVENT_USB_Device_Reset
                0x00000000000014ca        0x2 obj_gherkin/protocol/lufa/lufa.o
                0x00000000000014ca                EVENT_USB_Device_Reset
 .text.EVENT_USB_Device_StartOfFrame
                0x00000000000014cc       0x80 obj_gherkin/protocol/lufa/lufa.o
                0x00000000000014cc                EVENT_USB_Device_StartOfFrame
 .text.EVENT_USB_Device_ConfigurationChanged
                0x000000000000154c       0x32 obj_gherkin/protocol/lufa/lufa.o
                0x000000000000154c                EVENT_USB_Device_ConfigurationChanged
 .text.EVENT_USB_Device_ControlRequest
                0x000000000000157e      0x164 obj_gherkin/protocol/lufa/lufa.o
                0x000000000000157e                EVENT_USB_Device_ControlRequest
 .text.hook_early_init
                0x00000000000016e2        0x2 obj_gherkin/protocol/lufa/lufa.o
                0x00000000000016e2                hook_early_init
 .text.hook_late_init
                0x00000000000016e4        0x2 obj_gherkin/protocol/lufa/lufa.o
                0x00000000000016e4                hook_late_init
 .text.hook_usb_suspend_entry
                0x00000000000016e6       0x1a obj_gherkin/protocol/lufa/lufa.o
                0x00000000000016e6                hook_usb_suspend_entry
 .text.EVENT_USB_Device_Suspend
                0x0000000000001700        0x4 obj_gherkin/protocol/lufa/lufa.o
                0x0000000000001700                EVENT_USB_Device_Suspend
 .text.hook_usb_suspend_loop
                0x0000000000001704       0x18 obj_gherkin/protocol/lufa/lufa.o
                0x0000000000001704                hook_usb_suspend_loop
 .text.startup.main
                0x000000000000171c       0x90 obj_gherkin/protocol/lufa/lufa.o
                0x000000000000171c                main
 .text.hook_usb_wakeup
                0x00000000000017ac        0xe obj_gherkin/protocol/lufa/lufa.o
                0x00000000000017ac                hook_usb_wakeup
 .text.EVENT_USB_Device_WakeUp
                0x00000000000017ba        0x4 obj_gherkin/protocol/lufa/lufa.o
                0x00000000000017ba                EVENT_USB_Device_WakeUp
 .text.CALLBACK_USB_GetDescriptor
                0x00000000000017be       0xb2 obj_gherkin/protocol/lufa/descriptor.o
                0x00000000000017be                CALLBACK_USB_GetDescriptor
 .text.USB_Device_SendRemoteWakeup
                0x0000000000001870       0x2c obj_gherkin/protocol/lufa/LUFA-git/LUFA/Drivers/USB/Core/AVR8/Device_AVR8.o
                0x0000000000001870                USB_Device_SendRemoteWakeup
 .text.Endpoint_Write_Stream_LE
                0x000000000000189c       0x92 obj_gherkin/protocol/lufa/LUFA-git/LUFA/Drivers/USB/Core/AVR8/EndpointStream_AVR8.o
                0x000000000000189c                Endpoint_Write_Stream_LE
 .text.Endpoint_Write_Control_Stream_LE
                0x000000000000192e       0xc2 obj_gherkin/protocol/lufa/LUFA-git/LUFA/Drivers/USB/Core/AVR8/EndpointStream_AVR8.o
                0x000000000000192e                Endpoint_Write_Control_Stream_LE
 .text.Endpoint_Write_Control_PStream_LE
                0x00000000000019f0       0xc4 obj_gherkin/protocol/lufa/LUFA-git/LUFA/Drivers/USB/Core/AVR8/EndpointStream_AVR8.o
                0x00000000000019f0                Endpoint_Write_Control_PStream_LE
 .text.Endpoint_ConfigureEndpoint_Prv
                0x0000000000001ab4       0x6a obj_gherkin/protocol/lufa/LUFA-git/LUFA/Drivers/USB/Core/AVR8/Endpoint_AVR8.o
                0x0000000000001ab4                Endpoint_ConfigureEndpoint_Prv
 .text.Endpoint_ClearStatusStage
                0x0000000000001b1e       0x42 obj_gherkin/protocol/lufa/LUFA-git/LUFA/Drivers/USB/Core/AVR8/Endpoint_AVR8.o
                0x0000000000001b1e                Endpoint_ClearStatusStage
 .text.Endpoint_WaitUntilReady
                0x0000000000001b60       0x60 obj_gherkin/protocol/lufa/LUFA-git/LUFA/Drivers/USB/Core/AVR8/Endpoint_AVR8.o
                0x0000000000001b60                Endpoint_WaitUntilReady
 .text.USB_Disable
                0x0000000000001bc0       0x34 obj_gherkin/protocol/lufa/LUFA-git/LUFA/Drivers/USB/Core/AVR8/USBController_AVR8.o
                0x0000000000001bc0                USB_Disable
 .text.USB_ResetInterface
                0x0000000000001bf4       0x86 obj_gherkin/protocol/lufa/LUFA-git/LUFA/Drivers/USB/Core/AVR8/USBController_AVR8.o
                0x0000000000001bf4                USB_ResetInterface
 .text.USB_Init
                0x0000000000001c7a       0x22 obj_gherkin/protocol/lufa/LUFA-git/LUFA/Drivers/USB/Core/AVR8/USBController_AVR8.o
                0x0000000000001c7a                USB_Init
 .text.USB_INT_DisableAllInterrupts
                0x0000000000001c9c       0x10 obj_gherkin/protocol/lufa/LUFA-git/LUFA/Drivers/USB/Core/AVR8/USBInterrupt_AVR8.o
                0x0000000000001c9c                USB_INT_DisableAllInterrupts
 .text.USB_INT_ClearAllInterrupts
                0x0000000000001cac        0xa obj_gherkin/protocol/lufa/LUFA-git/LUFA/Drivers/USB/Core/AVR8/USBInterrupt_AVR8.o
                0x0000000000001cac                USB_INT_ClearAllInterrupts
 .text.__vector_10
                0x0000000000001cb6      0x1a4 obj_gherkin/protocol/lufa/LUFA-git/LUFA/Drivers/USB/Core/AVR8/USBInterrupt_AVR8.o
                0x0000000000001cb6                __vector_10
 .text.__vector_11
                0x0000000000001e5a       0x78 obj_gherkin/protocol/lufa/LUFA-git/LUFA/Drivers/USB/Core/AVR8/USBInterrupt_AVR8.o
                0x0000000000001e5a                __vector_11
 .text.USB_Device_ProcessControlRequest
                0x0000000000001ed2      0x29c obj_gherkin/protocol/lufa/LUFA-git/LUFA/Drivers/USB/Core/DeviceStandardReq.o
                0x0000000000001ed2                USB_Device_ProcessControlRequest
 .text.host_set_driver
                0x000000000000216e        0xa obj_gherkin/common/host.o
                0x000000000000216e                host_set_driver
 .text.host_keyboard_leds
                0x0000000000002178       0x18 obj_gherkin/common/host.o
                0x0000000000002178                host_keyboard_leds
 .text.host_keyboard_send
                0x0000000000002190       0x8a obj_gherkin/common/host.o
                0x0000000000002190                host_keyboard_send
 .text.host_mouse_send
                0x000000000000221a       0x16 obj_gherkin/common/host.o
                0x000000000000221a                host_mouse_send
 .text.host_system_send
                0x0000000000002230       0x5c obj_gherkin/common/host.o
                0x0000000000002230                host_system_send
 .text.host_consumer_send
                0x000000000000228c       0x5c obj_gherkin/common/host.o
                0x000000000000228c                host_consumer_send
 .text.keyboard_setup
                0x00000000000022e8        0x4 obj_gherkin/common/keyboard.o
                0x00000000000022e8                keyboard_setup
 .text.keyboard_init
                0x00000000000022ec       0x10 obj_gherkin/common/keyboard.o
                0x00000000000022ec                keyboard_init
 .text.keyboard_task
                0x00000000000022fc      0x17a obj_gherkin/common/keyboard.o
                0x00000000000022fc                keyboard_task
 .text.keyboard_set_leds
                0x0000000000002476        0x4 obj_gherkin/common/keyboard.o
                0x0000000000002476                keyboard_set_leds
 .text.matrix_clear
                0x000000000000247a        0x2 obj_gherkin/common/matrix.o
                0x000000000000247a                matrix_clear
 .text.matrix_setup
                0x000000000000247c        0x2 obj_gherkin/common/matrix.o
                0x000000000000247c                matrix_setup
 .text.matrix_power_up
                0x000000000000247e        0x2 obj_gherkin/common/matrix.o
                0x000000000000247e                matrix_power_up
 .text.matrix_power_down
                0x0000000000002480        0x2 obj_gherkin/common/matrix.o
                0x0000000000002480                matrix_power_down
 .text.action_exec
                0x0000000000002482       0x84 obj_gherkin/common/action.o
                0x0000000000002482                action_exec
 .text.register_code
                0x0000000000002506      0x15e obj_gherkin/common/action.o
                0x0000000000002506                register_code
 .text.unregister_code
                0x0000000000002664       0xdc obj_gherkin/common/action.o
                0x0000000000002664                unregister_code
 .text.register_mods
                0x0000000000002740        0xe obj_gherkin/common/action.o
                0x0000000000002740                register_mods
 .text.unregister_mods
                0x000000000000274e        0xe obj_gherkin/common/action.o
                0x000000000000274e                unregister_mods
 .text.process_action
                0x000000000000275c      0x712 obj_gherkin/common/action.o
                0x000000000000275c                process_action
 .text.clear_keyboard_but_mods
                0x0000000000002e6e       0x24 obj_gherkin/common/action.o
                0x0000000000002e6e                clear_keyboard_but_mods
 .text.clear_keyboard
                0x0000000000002e92        0x8 obj_gherkin/common/action.o
                0x0000000000002e92                clear_keyboard
 .text.is_tap_key
                0x0000000000002e9a       0x6e obj_gherkin/common/action.o
                0x0000000000002e9a                is_tap_key
 .text.debug_event
                0x0000000000002f08       0x1e obj_gherkin/common/action.o
                0x0000000000002f08                debug_event
 .text.debug_record
                0x0000000000002f26       0x20 obj_gherkin/common/action.o
                0x0000000000002f26                debug_record
 .text.debug_waiting_buffer
                0x0000000000002f46       0x42 obj_gherkin/common/action_tapping.o
 .text.debug_tapping_key
                0x0000000000002f88       0x1c obj_gherkin/common/action_tapping.o
 .text.waiting_buffer_scan_tap
                0x0000000000002fa4       0xd0 obj_gherkin/common/action_tapping.o
 .text.process_tapping
                0x0000000000003074      0x3da obj_gherkin/common/action_tapping.o
 .text.action_tapping_process
                0x000000000000344e      0x15a obj_gherkin/common/action_tapping.o
                0x000000000000344e                action_tapping_process
 .text.action_macro_play
                0x00000000000035a8      0x13a obj_gherkin/common/action_macro.o
                0x00000000000035a8                action_macro_play
 .text.default_layer_state_set
                0x00000000000036e2       0x18 obj_gherkin/common/action_layer.o
 .text.layer_state_set
                0x00000000000036fa       0x18 obj_gherkin/common/action_layer.o
 .text.default_layer_debug
                0x0000000000003712        0x2 obj_gherkin/common/action_layer.o
                0x0000000000003712                default_layer_debug
 .text.default_layer_set
                0x0000000000003714        0x4 obj_gherkin/common/action_layer.o
                0x0000000000003714                default_layer_set
 .text.default_layer_or
                0x0000000000003718       0x24 obj_gherkin/common/action_layer.o
                0x0000000000003718                default_layer_or
 .text.default_layer_and
                0x000000000000373c       0x24 obj_gherkin/common/action_layer.o
                0x000000000000373c                default_layer_and
 .text.default_layer_xor
                0x0000000000003760       0x24 obj_gherkin/common/action_layer.o
                0x0000000000003760                default_layer_xor
 .text.layer_clear
                0x0000000000003784        0xa obj_gherkin/common/action_layer.o
                0x0000000000003784                layer_clear
 .text.layer_move
                0x000000000000378e       0x1e obj_gherkin/common/action_layer.o
                0x000000000000378e                layer_move
 .text.layer_on
                0x00000000000037ac       0x36 obj_gherkin/common/action_layer.o
                0x00000000000037ac                layer_on
 .text.layer_off
                0x00000000000037e2       0x3e obj_gherkin/common/action_layer.o
                0x00000000000037e2                layer_off
 .text.layer_invert
                0x0000000000003820       0x36 obj_gherkin/common/action_layer.o
                0x0000000000003820                layer_invert
 .text.layer_or
                0x0000000000003856       0x24 obj_gherkin/common/action_layer.o
                0x0000000000003856                layer_or
 .text.layer_and
                0x000000000000387a       0x24 obj_gherkin/common/action_layer.o
                0x000000000000387a                layer_and
 .text.layer_xor
                0x000000000000389e       0x24 obj_gherkin/common/action_layer.o
                0x000000000000389e                layer_xor
 .text.layer_debug
                0x00000000000038c2        0x2 obj_gherkin/common/action_layer.o
                0x00000000000038c2                layer_debug
 .text.layer_switch_get_action
                0x00000000000038c4       0x84 obj_gherkin/common/action_layer.o
                0x00000000000038c4                layer_switch_get_action
 .text.add_key  0x0000000000003948       0xa2 obj_gherkin/common/action_util.o
                0x0000000000003948                add_key
 .text.del_key  0x00000000000039ea       0x88 obj_gherkin/common/action_util.o
                0x00000000000039ea                del_key
 .text.clear_keys
                0x0000000000003a72       0x1c obj_gherkin/common/action_util.o
                0x0000000000003a72                clear_keys
 .text.get_mods
                0x0000000000003a8e        0x6 obj_gherkin/common/action_util.o
                0x0000000000003a8e                get_mods
 .text.add_mods
                0x0000000000003a94        0xc obj_gherkin/common/action_util.o
                0x0000000000003a94                add_mods
 .text.del_mods
                0x0000000000003aa0        0xe obj_gherkin/common/action_util.o
                0x0000000000003aa0                del_mods
 .text.set_mods
                0x0000000000003aae        0x6 obj_gherkin/common/action_util.o
                0x0000000000003aae                set_mods
 .text.clear_mods
                0x0000000000003ab4        0x6 obj_gherkin/common/action_util.o
                0x0000000000003ab4                clear_mods
 .text.add_weak_mods
                0x0000000000003aba        0xc obj_gherkin/common/action_util.o
                0x0000000000003aba                add_weak_mods
 .text.del_weak_mods
                0x0000000000003ac6        0xe obj_gherkin/common/action_util.o
                0x0000000000003ac6                del_weak_mods
 .text.clear_weak_mods
                0x0000000000003ad4        0x6 obj_gherkin/common/action_util.o
                0x0000000000003ad4                clear_weak_mods
 .text.set_oneshot_mods
                0x0000000000003ada        0x6 obj_gherkin/common/action_util.o
                0x0000000000003ada                set_oneshot_mods
 .text.clear_oneshot_mods
                0x0000000000003ae0        0x6 obj_gherkin/common/action_util.o
                0x0000000000003ae0                clear_oneshot_mods
 .text.has_anykey
                0x0000000000003ae6       0x26 obj_gherkin/common/action_util.o
                0x0000000000003ae6                has_anykey
 .text.send_keyboard_report
                0x0000000000003b0c       0x4c obj_gherkin/common/action_util.o
                0x0000000000003b0c                send_keyboard_report
 .text.print_set_sendchar
                0x0000000000003b58        0xa obj_gherkin/common/print.o
                0x0000000000003b58                print_set_sendchar
 .text.bitrev   0x0000000000003b62       0x24 obj_gherkin/common/util.o
                0x0000000000003b62                bitrev
 .text.bitrev16
                0x0000000000003b86       0x34 obj_gherkin/common/util.o
                0x0000000000003b86                bitrev16
 .text.hook_keyboard_loop
                0x0000000000003bba        0x2 obj_gherkin/common/hook.o
                0x0000000000003bba                hook_keyboard_loop
 .text.hook_matrix_change
                0x0000000000003bbc       0x1e obj_gherkin/common/hook.o
                0x0000000000003bbc                hook_matrix_change
 .text.hook_default_layer_change
                0x0000000000003bda        0x2 obj_gherkin/common/hook.o
                0x0000000000003bda                hook_default_layer_change
 .text.hook_layer_change
                0x0000000000003bdc        0x2 obj_gherkin/common/hook.o
                0x0000000000003bdc                hook_layer_change
 .text.hook_keyboard_leds_change
                0x0000000000003bde        0x4 obj_gherkin/common/hook.o
                0x0000000000003bde                hook_keyboard_leds_change
 .text.hook_bootmagic
                0x0000000000003be2        0x2 obj_gherkin/common/hook.o
                0x0000000000003be2                hook_bootmagic
 .text.suspend_power_down
                0x0000000000003be4       0x4c obj_gherkin/common/avr/suspend.o
                0x0000000000003be4                suspend_power_down
 .text.suspend_wakeup_condition
                0x0000000000003c30       0x2a obj_gherkin/common/avr/suspend.o
                0x0000000000003c30                suspend_wakeup_condition
 .text.suspend_wakeup_init
                0x0000000000003c5a        0xc obj_gherkin/common/avr/suspend.o
                0x0000000000003c5a                suspend_wakeup_init
 .text.__vector_12
                0x0000000000003c66       0x52 obj_gherkin/common/avr/suspend.o
                0x0000000000003c66                __vector_12
 .text.timer_init
                0x0000000000003cb8       0x12 obj_gherkin/common/avr/timer.o
                0x0000000000003cb8                timer_init
 .text.timer_read
                0x0000000000003cca       0x18 obj_gherkin/common/avr/timer.o
                0x0000000000003cca                timer_read
 .text.timer_read32
                0x0000000000003ce2       0x18 obj_gherkin/common/avr/timer.o
                0x0000000000003ce2                timer_read32
 .text.timer_elapsed
                0x0000000000003cfa       0x52 obj_gherkin/common/avr/timer.o
                0x0000000000003cfa                timer_elapsed
 .text.__vector_21
                0x0000000000003d4c       0x4a obj_gherkin/common/avr/timer.o
                0x0000000000003d4c                __vector_21
 .text.bootloader_jump
                0x0000000000003d96       0x46 obj_gherkin/common/avr/bootloader.o
                0x0000000000003d96                bootloader_jump
 .text.action_for_key
                0x0000000000003ddc       0x24 obj_gherkin/common/actionmap.o
                0x0000000000003ddc                action_for_key
 .text.action_get_macro
                0x0000000000003e00        0x6 obj_gherkin/common/actionmap.o
                0x0000000000003e00                action_get_macro
 .text.action_function
                0x0000000000003e06        0x2 obj_gherkin/common/actionmap.o
                0x0000000000003e06                action_function
 .text.scan_key
                0x0000000000003e08       0x80 obj_gherkin/common/bootmagic.o
 .text.bootmagic_scan_key
                0x0000000000003e88       0x24 obj_gherkin/common/bootmagic.o
                0x0000000000003e88                bootmagic_scan_key
 .text.bootmagic
                0x0000000000003eac      0x298 obj_gherkin/common/bootmagic.o
                0x0000000000003eac                bootmagic
 .text.eeconfig_init
                0x0000000000004144       0x3e obj_gherkin/common/avr/eeconfig.o
                0x0000000000004144                eeconfig_init
 .text.eeconfig_is_enabled
                0x0000000000004182       0x16 obj_gherkin/common/avr/eeconfig.o
                0x0000000000004182                eeconfig_is_enabled
 .text.eeconfig_read_debug
                0x0000000000004198        0x8 obj_gherkin/common/avr/eeconfig.o
                0x0000000000004198                eeconfig_read_debug
 .text.eeconfig_write_debug
                0x00000000000041a0        0xa obj_gherkin/common/avr/eeconfig.o
                0x00000000000041a0                eeconfig_write_debug
 .text.eeconfig_read_default_layer
                0x00000000000041aa        0x8 obj_gherkin/common/avr/eeconfig.o
                0x00000000000041aa                eeconfig_read_default_layer
 .text.eeconfig_write_default_layer
                0x00000000000041b2        0xa obj_gherkin/common/avr/eeconfig.o
                0x00000000000041b2                eeconfig_write_default_layer
 .text.eeconfig_read_keymap
                0x00000000000041bc        0x8 obj_gherkin/common/avr/eeconfig.o
                0x00000000000041bc                eeconfig_read_keymap
 .text.eeconfig_write_keymap
                0x00000000000041c4        0xa obj_gherkin/common/avr/eeconfig.o
                0x00000000000041c4                eeconfig_write_keymap
 .text.eeconfig_read_backlight
                0x00000000000041ce        0x8 obj_gherkin/common/avr/eeconfig.o
                0x00000000000041ce                eeconfig_read_backlight
 .text.eeconfig_write_backlight
                0x00000000000041d6        0xa obj_gherkin/common/avr/eeconfig.o
                0x00000000000041d6                eeconfig_write_backlight
 .text.move_unit
                0x00000000000041e0       0x90 obj_gherkin/common/mousekey.o
 .text.wheel_unit
                0x0000000000004270       0x72 obj_gherkin/common/mousekey.o
 .text.mousekey_on
                0x00000000000042e2       0xd0 obj_gherkin/common/mousekey.o
                0x00000000000042e2                mousekey_on
 .text.mousekey_off
                0x00000000000043b2      0x10a obj_gherkin/common/mousekey.o
                0x00000000000043b2                mousekey_off
 .text.mousekey_send
                0x00000000000044bc      0x11a obj_gherkin/common/mousekey.o
                0x00000000000044bc                mousekey_send
 .text.mousekey_task
                0x00000000000045d6      0x142 obj_gherkin/common/mousekey.o
                0x00000000000045d6                mousekey_task
 .text.mousekey_clear
                0x0000000000004718       0x18 obj_gherkin/common/mousekey.o
                0x0000000000004718                mousekey_clear
 .text.mousekey_console_help
                0x0000000000004730       0x2e obj_gherkin/common/command.o
 .text.mousekey_param_inc
                0x000000000000475e      0x146 obj_gherkin/common/command.o
 .text.mousekey_param_dec
                0x00000000000048a4       0xfc obj_gherkin/common/command.o
 .text.switch_default_layer
                0x00000000000049a0       0x3c obj_gherkin/common/command.o
 .text.command_common
                0x00000000000049dc      0x55c obj_gherkin/common/command.o
 .text.command_extra
                0x0000000000004f38        0x4 obj_gherkin/common/command.o
                0x0000000000004f38                command_extra
 .text.command_console_extra
                0x0000000000004f3c        0x4 obj_gherkin/common/command.o
                0x0000000000004f3c                command_console_extra
 .text.command_proc
                0x0000000000004f40      0x2a4 obj_gherkin/common/command.o
                0x0000000000004f40                command_proc
 .text.backlight_init
                0x00000000000051e4       0x22 obj_gherkin/common/backlight.o
                0x00000000000051e4                backlight_init
 .text.backlight_increase
                0x0000000000005206       0x54 obj_gherkin/common/backlight.o
                0x0000000000005206                backlight_increase
 .text.backlight_decrease
                0x000000000000525a       0x5e obj_gherkin/common/backlight.o
                0x000000000000525a                backlight_decrease
 .text.backlight_toggle
                0x00000000000052b8       0x4c obj_gherkin/common/backlight.o
                0x00000000000052b8                backlight_toggle
 .text.backlight_step
                0x0000000000005304       0x70 obj_gherkin/common/backlight.o
                0x0000000000005304                backlight_step
 .text.backlight_level
                0x0000000000005374       0x38 obj_gherkin/common/backlight.o
                0x0000000000005374                backlight_level
 .text.avr-libc.fplib
                0x00000000000053ac        0xa /usr/lib/gcc/avr/4.8.2/../../../avr/lib/avr5/libm.a(fixsfsi.o)
                0x00000000000053ac                __fixsfsi
 .text.avr-libc.fplib
                0x00000000000053b6       0x58 /usr/lib/gcc/avr/4.8.2/../../../avr/lib/avr5/libm.a(fixunssfsi.o)
                0x00000000000053b6                __fixunssfsi
 .text.avr-libc.fplib
                0x000000000000540e       0x7a /usr/lib/gcc/avr/4.8.2/../../../avr/lib/avr5/libm.a(floatsisf.o)
                0x000000000000540e                __floatunsisf
                0x0000000000005412                __floatsisf
 .text.avr-libc.fplib
                0x0000000000005488       0x44 /usr/lib/gcc/avr/4.8.2/../../../avr/lib/avr5/libm.a(fp_split3.o)
                0x0000000000005488                __fp_split3
                0x0000000000005498                __fp_splitA
 .text.avr-libc.fplib
                0x00000000000054cc        0xe /usr/lib/gcc/avr/4.8.2/../../../avr/lib/avr5/libm.a(fp_zero.o)
                0x00000000000054cc                __fp_zero
                0x00000000000054ce                __fp_szero
 .text.avr-libc.fplib
                0x00000000000054da        0x4 /usr/lib/gcc/avr/4.8.2/../../../avr/lib/avr5/libm.a(mulsf3.o)
                0x00000000000054da                __mulsf3
 .text.avr-libc.fplib
                0x00000000000054de       0xc2 /usr/lib/gcc/avr/4.8.2/../../../avr/lib/avr5/libm.a(mulsf3x.o)
                0x00000000000054f2                __mulsf3x
                0x00000000000054f6                __mulsf3_pse
 .text.avr-libc.fplib
                0x00000000000055a0        0xc /usr/lib/gcc/avr/4.8.2/../../../avr/lib/avr5/libm.a(fp_inf.o)
                0x00000000000055a0                __fp_inf
 .text.avr-libc.fplib
                0x00000000000055ac        0x6 /usr/lib/gcc/avr/4.8.2/../../../avr/lib/avr5/libm.a(fp_nan.o)
                0x00000000000055ac                __fp_nan
 .text.avr-libc.fplib
                0x00000000000055b2        0xe /usr/lib/gcc/avr/4.8.2/../../../avr/lib/avr5/libm.a(fp_pscA.o)
                0x00000000000055b2                __fp_pscA
 .text.avr-libc.fplib
                0x00000000000055c0        0xe /usr/lib/gcc/avr/4.8.2/../../../avr/lib/avr5/libm.a(fp_pscB.o)
                0x00000000000055c0                __fp_pscB
 .text.avr-libc.fplib
                0x00000000000055ce       0x22 /usr/lib/gcc/avr/4.8.2/../../../avr/lib/avr5/libm.a(fp_round.o)
                0x00000000000055ce                __fp_round
 .text.libgcc.div
                0x00000000000055f0       0x18 /usr/lib/gcc/avr/4.8.2/avr5/libgcc.a(_udivmodqi4.o)
                0x00000000000055f0                __udivmodqi4
 .text.libgcc.div
                0x0000000000005608       0x28 /usr/lib/gcc/avr/4.8.2/avr5/libgcc.a(_divmodhi4.o)
                0x0000000000005608                __divmodhi4
                0x0000000000005608                _div
 .text.libgcc   0x0000000000005630        0xc /usr/lib/gcc/avr/4.8.2/avr5/libgcc.a(_tablejump.o)
                0x0000000000005630                __tablejump2__
                0x0000000000005634                __tablejump__
 .text.libgcc.div
                0x000000000000563c       0x28 /usr/lib/gcc/avr/4.8.2/avr5/libgcc.a(_udivmodhi4.o)
                0x000000000000563c                __udivmodhi4
 .text.avr-libc
                0x0000000000005664       0x10 /usr/lib/gcc/avr/4.8.2/../../../avr/lib/avr5/libc.a(eerd_byte_atmega32u4.o)
                0x0000000000005664                __eerd_byte_m32u4
 .text.avr-libc
                0x0000000000005674        0xc /usr/lib/gcc/avr/4.8.2/../../../avr/lib/avr5/libc.a(eerd_word_atmega32u4.o)
                0x0000000000005674                __eerd_word_m32u4
 .text.avr-libc
                0x0000000000005680       0x1c /usr/lib/gcc/avr/4.8.2/../../../avr/lib/avr5/libc.a(eewr_byte_atmega32u4.o)
                0x0000000000005680                __eewr_byte_m32u4
                0x0000000000005682                __eewr_r18_m32u4
 .text.avr-libc
                0x000000000000569c        0xa /usr/lib/gcc/avr/4.8.2/../../../avr/lib/avr5/libc.a(eewr_word_atmega32u4.o)
                0x000000000000569c                __eewr_word_m32u4
 .text.avr-libc
                0x00000000000056a6       0x20 /usr/lib/gcc/avr/4.8.2/../../../avr/lib/avr5/libc.a(eerd_block_atmega32u4.o)
                0x00000000000056a6                __eerd_block_m32u4
                0x00000000000056aa                __eerd_blraw_m32u4
                0x00000000000056c6                . = ALIGN (0x2)
 *(.fini9)
 .fini9         0x00000000000056c6        0x0 /usr/lib/gcc/avr/4.8.2/avr5/libgcc.a(_exit.o)
                0x00000000000056c6                exit
                0x00000000000056c6                _exit
 *(.fini9)
 *(.fini8)
 *(.fini8)
 *(.fini7)
 *(.fini7)
 *(.fini6)
 *(.fini6)
 *(.fini5)
 *(.fini5)
 *(.fini4)
 *(.fini4)
 *(.fini3)
 *(.fini3)
 *(.fini2)
 *(.fini2)
 *(.fini1)
 *(.fini1)
 *(.fini0)
 .fini0         0x00000000000056c6        0x4 /usr/lib/gcc/avr/4.8.2/avr5/libgcc.a(_exit.o)
 *(.fini0)
                0x00000000000056ca                _etext = .

.data           0x0000000000800100       0x38 load address 0x00000000000056ca
                0x0000000000800100                PROVIDE (__data_start, .)
 *(.data)
 .data          0x0000000000800100        0x0 /usr/lib/gcc/avr/4.8.2/../../../avr/lib/avr5/crtm32u4.o
 .data          0x0000000000800100        0x0 obj_gherkin/actionmap_gherkin.o
 .data          0x0000000000800100        0x0 obj_gherkin/matrix.o
 .data          0x0000000000800100        0x0 obj_gherkin/led.o
 .data          0x0000000000800100        0x0 obj_gherkin/backlight.o
 .data          0x0000000000800100        0x0 obj_gherkin/protocol/lufa/lufa.o
 .data          0x0000000000800100        0x0 obj_gherkin/protocol/lufa/descriptor.o
 .data          0x0000000000800100        0x0 obj_gherkin/protocol/lufa/LUFA-git/LUFA/Drivers/USB/Class/Common/HIDParser.o
 .data          0x0000000000800100        0x0 obj_gherkin/protocol/lufa/LUFA-git/LUFA/Drivers/USB/Core/AVR8/Device_AVR8.o
 .data          0x0000000000800100        0x0 obj_gherkin/protocol/lufa/LUFA-git/LUFA/Drivers/USB/Core/AVR8/EndpointStream_AVR8.o
 .data          0x0000000000800100        0x0 obj_gherkin/protocol/lufa/LUFA-git/LUFA/Drivers/USB/Core/AVR8/Endpoint_AVR8.o
 .data          0x0000000000800100        0x0 obj_gherkin/protocol/lufa/LUFA-git/LUFA/Drivers/USB/Core/AVR8/Host_AVR8.o
 .data          0x0000000000800100        0x0 obj_gherkin/protocol/lufa/LUFA-git/LUFA/Drivers/USB/Core/AVR8/PipeStream_AVR8.o
 .data          0x0000000000800100        0x0 obj_gherkin/protocol/lufa/LUFA-git/LUFA/Drivers/USB/Core/AVR8/Pipe_AVR8.o
 .data          0x0000000000800100        0x0 obj_gherkin/protocol/lufa/LUFA-git/LUFA/Drivers/USB/Core/AVR8/USBController_AVR8.o
 .data          0x0000000000800100        0x0 obj_gherkin/protocol/lufa/LUFA-git/LUFA/Drivers/USB/Core/AVR8/USBInterrupt_AVR8.o
 .data          0x0000000000800100        0x0 obj_gherkin/protocol/lufa/LUFA-git/LUFA/Drivers/USB/Core/ConfigDescriptors.o
 .data          0x0000000000800100        0x0 obj_gherkin/protocol/lufa/LUFA-git/LUFA/Drivers/USB/Core/DeviceStandardReq.o
 .data          0x0000000000800100        0x0 obj_gherkin/protocol/lufa/LUFA-git/LUFA/Drivers/USB/Core/Events.o
 .data          0x0000000000800100        0x0 obj_gherkin/protocol/lufa/LUFA-git/LUFA/Drivers/USB/Core/HostStandardReq.o
 .data          0x0000000000800100        0x0 obj_gherkin/protocol/lufa/LUFA-git/LUFA/Drivers/USB/Core/USBTask.o
 .data          0x0000000000800100        0x0 obj_gherkin/common/host.o
 .data          0x0000000000800100        0x0 obj_gherkin/common/keyboard.o
 .data          0x0000000000800100        0x0 obj_gherkin/common/matrix.o
 .data          0x0000000000800100        0x0 obj_gherkin/common/action.o
 .data          0x0000000000800100        0x0 obj_gherkin/common/action_tapping.o
 .data          0x0000000000800100        0x0 obj_gherkin/common/action_macro.o
 .data          0x0000000000800100        0x0 obj_gherkin/common/action_layer.o
 .data          0x0000000000800100        0x0 obj_gherkin/common/action_util.o
 .data          0x0000000000800100        0x0 obj_gherkin/common/print.o
 .data          0x0000000000800100        0x0 obj_gherkin/common/debug.o
 .data          0x0000000000800100        0x0 obj_gherkin/common/util.o
 .data          0x0000000000800100        0x0 obj_gherkin/common/hook.o
 .data          0x0000000000800100        0x0 obj_gherkin/common/avr/suspend.o
 .data          0x0000000000800100        0x0 obj_gherkin/common/avr/xprintf.o
 .data          0x0000000000800100        0x0 obj_gherkin/common/avr/timer.o
 .data          0x0000000000800100        0x0 obj_gherkin/common/avr/bootloader.o
 .data          0x0000000000800100        0x0 obj_gherkin/common/actionmap.o
 .data          0x0000000000800100        0x0 obj_gherkin/common/bootmagic.o
 .data          0x0000000000800100        0x0 obj_gherkin/common/avr/eeconfig.o
 .data          0x0000000000800100        0x0 obj_gherkin/common/mousekey.o
 .data          0x0000000000800100        0x0 obj_gherkin/common/command.o
 .data          0x0000000000800100        0x0 obj_gherkin/common/backlight.o
 .data          0x0000000000800100        0x0 /usr/lib/gcc/avr/4.8.2/../../../avr/lib/avr5/libm.a(fixsfsi.o)
 .data          0x0000000000800100        0x0 /usr/lib/gcc/avr/4.8.2/../../../avr/lib/avr5/libm.a(fixunssfsi.o)
 .data          0x0000000000800100        0x0 /usr/lib/gcc/avr/4.8.2/../../../avr/lib/avr5/libm.a(floatsisf.o)
 .data          0x0000000000800100        0x0 /usr/lib/gcc/avr/4.8.2/../../../avr/lib/avr5/libm.a(fp_split3.o)
 .data          0x0000000000800100        0x0 /usr/lib/gcc/avr/4.8.2/../../../avr/lib/avr5/libm.a(fp_zero.o)
 .data          0x0000000000800100        0x0 /usr/lib/gcc/avr/4.8.2/../../../avr/lib/avr5/libm.a(mulsf3.o)
 .data          0x0000000000800100        0x0 /usr/lib/gcc/avr/4.8.2/../../../avr/lib/avr5/libm.a(mulsf3x.o)
 .data          0x0000000000800100        0x0 /usr/lib/gcc/avr/4.8.2/../../../avr/lib/avr5/libm.a(fp_inf.o)
 .data          0x0000000000800100        0x0 /usr/lib/gcc/avr/4.8.2/../../../avr/lib/avr5/libm.a(fp_nan.o)
 .data          0x0000000000800100        0x0 /usr/lib/gcc/avr/4.8.2/../../../avr/lib/avr5/libm.a(fp_pscA.o)
 .data          0x0000000000800100        0x0 /usr/lib/gcc/avr/4.8.2/../../../avr/lib/avr5/libm.a(fp_pscB.o)
 .data          0x0000000000800100        0x0 /usr/lib/gcc/avr/4.8.2/../../../avr/lib/avr5/libm.a(fp_round.o)
 .data          0x0000000000800100        0x0 /usr/lib/gcc/avr/4.8.2/avr5/libgcc.a(_udivmodqi4.o)
 .data          0x0000000000800100        0x0 /usr/lib/gcc/avr/4.8.2/avr5/libgcc.a(_divmodhi4.o)
 .data          0x0000000000800100        0x0 /usr/lib/gcc/avr/4.8.2/avr5/libgcc.a(_exit.o)
 .data          0x0000000000800100        0x0 /usr/lib/gcc/avr/4.8.2/avr5/libgcc.a(_tablejump.o)
 .data          0x0000000000800100        0x0 /usr/lib/gcc/avr/4.8.2/avr5/libgcc.a(_copy_data.o)
 .data          0x0000000000800100        0x0 /usr/lib/gcc/avr/4.8.2/avr5/libgcc.a(_clear_bss.o)
 .data          0x0000000000800100        0x0 /usr/lib/gcc/avr/4.8.2/avr5/libgcc.a(_udivmodhi4.o)
 .data          0x0000000000800100        0x0 /usr/lib/gcc/avr/4.8.2/../../../avr/lib/avr5/libc.a(eerd_byte_atmega32u4.o)
 .data          0x0000000000800100        0x0 /usr/lib/gcc/avr/4.8.2/../../../avr/lib/avr5/libc.a(eerd_word_atmega32u4.o)
 .data          0x0000000000800100        0x0 /usr/lib/gcc/avr/4.8.2/../../../avr/lib/avr5/libc.a(eeupd_byte_atmega32u4.o)
 .data          0x0000000000800100        0x0 /usr/lib/gcc/avr/4.8.2/../../../avr/lib/avr5/libc.a(eewr_byte_atmega32u4.o)
 .data          0x0000000000800100        0x0 /usr/lib/gcc/avr/4.8.2/../../../avr/lib/avr5/libc.a(eewr_word_atmega32u4.o)
 .data          0x0000000000800100        0x0 /usr/lib/gcc/avr/4.8.2/../../../avr/lib/avr5/libc.a(eerd_block_atmega32u4.o)
 *(.data*)
 .data.debouncing
                0x0000000000800100        0x1 obj_gherkin/matrix.o
 .data.lufa_driver
                0x0000000000800101        0xa obj_gherkin/protocol/lufa/lufa.o
                0x0000000000800101                lufa_driver
 .data.keyboard_protocol
                0x000000000080010b        0x1 obj_gherkin/protocol/lufa/lufa.o
                0x000000000080010b                keyboard_protocol
 .data.keyboard_nkro
                0x000000000080010c        0x1 obj_gherkin/common/host.o
                0x000000000080010c                keyboard_nkro
 .data.keyboard_report
                0x000000000080010d        0x2 obj_gherkin/common/action_util.o
                0x000000000080010d                keyboard_report
 .data.mk_wheel_time_to_max
                0x000000000080010f        0x1 obj_gherkin/common/mousekey.o
                0x000000000080010f                mk_wheel_time_to_max
 .data.mk_wheel_max_speed
                0x0000000000800110        0x1 obj_gherkin/common/mousekey.o
                0x0000000000800110                mk_wheel_max_speed
 .data.mk_time_to_max
                0x0000000000800111        0x1 obj_gherkin/common/mousekey.o
                0x0000000000800111                mk_time_to_max
 .data.mk_max_speed
                0x0000000000800112        0x1 obj_gherkin/common/mousekey.o
                0x0000000000800112                mk_max_speed
 .data.mk_interval
                0x0000000000800113        0x1 obj_gherkin/common/mousekey.o
                0x0000000000800113                mk_interval
 .data.mk_delay
                0x0000000000800114        0x1 obj_gherkin/common/mousekey.o
                0x0000000000800114                mk_delay
 *(.rodata)
 *(.rodata*)
 .rodata.CSWTCH.3
                0x0000000000800115        0x5 obj_gherkin/protocol/lufa/descriptor.o
 .rodata.CSWTCH.2
                0x000000000080011a        0xa obj_gherkin/protocol/lufa/descriptor.o
 .rodata.CSWTCH.1
                0x0000000000800124        0xa obj_gherkin/protocol/lufa/descriptor.o
 .rodata.CSWTCH.43
                0x000000000080012e        0xa obj_gherkin/common/command.o
 *(.gnu.linkonce.d*)
                0x0000000000800138                . = ALIGN (0x2)
                0x0000000000800138                _edata = .
                0x0000000000800138                PROVIDE (__data_end, .)

.bss            0x0000000000800138       0xc1
                0x0000000000800138                PROVIDE (__bss_start, .)
 *(.bss)
 .bss           0x0000000000800138        0x2 obj_gherkin/common/avr/xprintf.o
                0x0000000000800138                xfunc_out
 *(.bss*)
 .bss.matrix_debouncing
                0x000000000080013a        0x5 obj_gherkin/matrix.o
 .bss.matrix    0x000000000080013f        0x5 obj_gherkin/matrix.o
 .bss.timeouted.4840
                0x0000000000800144        0x1 obj_gherkin/protocol/lufa/lufa.o
 .bss.count.4770
                0x0000000000800145        0x1 obj_gherkin/protocol/lufa/lufa.o
 .bss._led_stats
                0x0000000000800146        0x1 obj_gherkin/protocol/lufa/lufa.o
 .bss.console_flush
                0x0000000000800147        0x1 obj_gherkin/protocol/lufa/lufa.o
 .bss.keyboard_report_sent
                0x0000000000800148       0x20 obj_gherkin/protocol/lufa/lufa.o
 .bss.keyboard_led_stats
                0x0000000000800168        0x1 obj_gherkin/protocol/lufa/lufa.o
 .bss.keyboard_idle
                0x0000000000800169        0x1 obj_gherkin/protocol/lufa/lufa.o
                0x0000000000800169                keyboard_idle
 .bss.last_consumer_report
                0x000000000080016a        0x2 obj_gherkin/common/host.o
 .bss.last_system_report
                0x000000000080016c        0x2 obj_gherkin/common/host.o
 .bss.driver    0x000000000080016e        0x2 obj_gherkin/common/host.o
 .bss.led_status.4817
                0x0000000000800170        0x1 obj_gherkin/common/keyboard.o
 .bss.matrix_prev.4816
                0x0000000000800171        0x5 obj_gherkin/common/keyboard.o
 .bss.waiting_buffer_tail
                0x0000000000800176        0x1 obj_gherkin/common/action_tapping.o
 .bss.waiting_buffer_head
                0x0000000000800177        0x1 obj_gherkin/common/action_tapping.o
 .bss.waiting_buffer
                0x0000000000800178       0x30 obj_gherkin/common/action_tapping.o
 .bss.tapping_key
                0x00000000008001a8        0x6 obj_gherkin/common/action_tapping.o
 .bss.layer_state
                0x00000000008001ae        0x4 obj_gherkin/common/action_layer.o
                0x00000000008001ae                layer_state
 .bss.default_layer_state
                0x00000000008001b2        0x4 obj_gherkin/common/action_layer.o
                0x00000000008001b2                default_layer_state
 .bss.oneshot_mods
                0x00000000008001b6        0x1 obj_gherkin/common/action_util.o
 .bss.__compound_literal.0
                0x00000000008001b7       0x20 obj_gherkin/common/action_util.o
 .bss.weak_mods
                0x00000000008001d7        0x1 obj_gherkin/common/action_util.o
 .bss.real_mods
                0x00000000008001d8        0x1 obj_gherkin/common/action_util.o
 .bss.debug_config
                0x00000000008001d9        0x1 obj_gherkin/common/debug.o
                0x00000000008001d9                debug_config
 .bss.wdt_timeout
                0x00000000008001da        0x1 obj_gherkin/common/avr/suspend.o
 .bss.timer_count
                0x00000000008001db        0x4 obj_gherkin/common/avr/timer.o
                0x00000000008001db                timer_count
 .bss.last_timer
                0x00000000008001df        0x2 obj_gherkin/common/mousekey.o
 .bss.mousekey_accel
                0x00000000008001e1        0x1 obj_gherkin/common/mousekey.o
 .bss.mousekey_repeat
                0x00000000008001e2        0x1 obj_gherkin/common/mousekey.o
 .bss.mouse_report
                0x00000000008001e3        0x5 obj_gherkin/common/mousekey.o
 .bss.mousekey_param
                0x00000000008001e8        0x1 obj_gherkin/common/command.o
 .bss.command_state
                0x00000000008001e9        0x1 obj_gherkin/common/command.o
                0x00000000008001e9                command_state
 *(COMMON)
 COMMON         0x00000000008001ea        0x3 obj_gherkin/protocol/lufa/LUFA-git/LUFA/Drivers/USB/Core/DeviceStandardReq.o
                0x00000000008001ea                USB_Device_ConfigurationNumber
                0x00000000008001eb                USB_Device_CurrentlySelfPowered
                0x00000000008001ec                USB_Device_RemoteWakeupEnabled
 COMMON         0x00000000008001ed        0xa obj_gherkin/protocol/lufa/LUFA-git/LUFA/Drivers/USB/Core/USBTask.o
                0x00000000008001ed                USB_IsInitialized
                0x00000000008001ee                USB_DeviceState
                0x00000000008001ef                USB_ControlRequest
 COMMON         0x00000000008001f7        0x1 obj_gherkin/common/bootmagic.o
                0x00000000008001f7                keymap_config
 COMMON         0x00000000008001f8        0x1 obj_gherkin/common/backlight.o
                0x00000000008001f8                backlight_config
                0x00000000008001f9                PROVIDE (__bss_end, .)
                0x00000000000056ca                __data_load_start = LOADADDR (.data)
                0x0000000000005702                __data_load_end = (__data_load_start + SIZEOF (.data))

.noinit         0x00000000008001f9        0x4
                0x00000000008001f9                PROVIDE (__noinit_start, .)
 *(.noinit*)
 .noinit        0x00000000008001f9        0x4 obj_gherkin/common/avr/bootloader.o
                0x00000000008001f9                reset_key
                0x00000000008001fd                PROVIDE (__noinit_end, .)
                0x00000000008001fd                _end = .
                0x00000000008001fd                PROVIDE (__heap_start, .)

.eeprom         0x0000000000810000        0x0
 *(.eeprom*)
                0x0000000000810000                __eeprom_end = .

.fuse
 *(.fuse)
 *(.lfuse)
 *(.hfuse)
 *(.efuse)

.lock
 *(.lock*)

.signature
 *(.signature*)

.user_signatures
 *(.user_signatures*)

.stab           0x0000000000000000     0x23dc
 *(.stab)
 .stab          0x0000000000000000      0x6cc /usr/lib/gcc/avr/4.8.2/../../../avr/lib/avr5/crtm32u4.o
 .stab          0x00000000000006cc      0x8ac obj_gherkin/common/avr/xprintf.o
                                        0x8b8 (size before relaxing)
 .stab          0x0000000000000f78       0x6c /usr/lib/gcc/avr/4.8.2/../../../avr/lib/avr5/libm.a(fixsfsi.o)
                                         0x78 (size before relaxing)
 .stab          0x0000000000000fe4      0x240 /usr/lib/gcc/avr/4.8.2/../../../avr/lib/avr5/libm.a(fixunssfsi.o)
                                        0x24c (size before relaxing)
 .stab          0x0000000000001224      0x318 /usr/lib/gcc/avr/4.8.2/../../../avr/lib/avr5/libm.a(floatsisf.o)
                                        0x324 (size before relaxing)
 .stab          0x000000000000153c      0x1d4 /usr/lib/gcc/avr/4.8.2/../../../avr/lib/avr5/libm.a(fp_split3.o)
                                        0x1e0 (size before relaxing)
 .stab          0x0000000000001710       0x90 /usr/lib/gcc/avr/4.8.2/../../../avr/lib/avr5/libm.a(fp_zero.o)
                                         0x9c (size before relaxing)
 .stab          0x00000000000017a0       0x48 /usr/lib/gcc/avr/4.8.2/../../../avr/lib/avr5/libm.a(mulsf3.o)
                                         0x54 (size before relaxing)
 .stab          0x00000000000017e8      0x4d4 /usr/lib/gcc/avr/4.8.2/../../../avr/lib/avr5/libm.a(mulsf3x.o)
                                        0x4e0 (size before relaxing)
 .stab          0x0000000000001cbc       0x78 /usr/lib/gcc/avr/4.8.2/../../../avr/lib/avr5/libm.a(fp_inf.o)
                                         0x84 (size before relaxing)
 .stab          0x0000000000001d34       0x54 /usr/lib/gcc/avr/4.8.2/../../../avr/lib/avr5/libm.a(fp_nan.o)
                                         0x60 (size before relaxing)
 .stab          0x0000000000001d88       0x84 /usr/lib/gcc/avr/4.8.2/../../../avr/lib/avr5/libm.a(fp_pscA.o)
                                         0x90 (size before relaxing)
 .stab          0x0000000000001e0c       0x84 /usr/lib/gcc/avr/4.8.2/../../../avr/lib/avr5/libm.a(fp_pscB.o)
                                         0x90 (size before relaxing)
 .stab          0x0000000000001e90       0xfc /usr/lib/gcc/avr/4.8.2/../../../avr/lib/avr5/libm.a(fp_round.o)
                                        0x108 (size before relaxing)
 .stab          0x0000000000001f8c       0x90 /usr/lib/gcc/avr/4.8.2/../../../avr/lib/avr5/libc.a(eerd_byte_atmega32u4.o)
                                         0x9c (size before relaxing)
 .stab          0x000000000000201c       0x6c /usr/lib/gcc/avr/4.8.2/../../../avr/lib/avr5/libc.a(eerd_word_atmega32u4.o)
                                         0x78 (size before relaxing)
 .stab          0x0000000000002088      0x114 /usr/lib/gcc/avr/4.8.2/../../../avr/lib/avr5/libc.a(eeupd_byte_atmega32u4.o)
                                        0x120 (size before relaxing)
 .stab          0x000000000000219c       0xe4 /usr/lib/gcc/avr/4.8.2/../../../avr/lib/avr5/libc.a(eewr_byte_atmega32u4.o)
                                         0xf0 (size before relaxing)
 .stab          0x0000000000002280       0x54 /usr/lib/gcc/avr/4.8.2/../../../avr/lib/avr5/libc.a(eewr_word_atmega32u4.o)
                                         0x60 (size before relaxing)
 .stab          0x00000000000022d4      0x108 /usr/lib/gcc/avr/4.8.2/../../../avr/lib/avr5/libc.a(eerd_block_atmega32u4.o)
                                        0x114 (size before relaxing)

.stabstr        0x0000000000000000      0x405
 *(.stabstr)
 .stabstr       0x0000000000000000      0x405 /usr/lib/gcc/avr/4.8.2/../../../avr/lib/avr5/crtm32u4.o

.stab.excl
 *(.stab.excl)

.stab.exclstr
 *(.stab.exclstr)

.stab.index
 *(.stab.index)

.stab.indexstr
 *(.stab.indexstr)

.comment        0x0000000000000000       0x11
 *(.comment)
 .comment       0x0000000000000000       0x11 obj_gherkin/actionmap_gherkin.o
                                         0x12 (size before relaxing)
 .comment       0x0000000000000000       0x12 obj_gherkin/matrix.o
 .comment       0x0000000000000000       0x12 obj_gherkin/led.o
 .comment       0x0000000000000000       0x12 obj_gherkin/backlight.o
 .comment       0x0000000000000000       0x12 obj_gherkin/protocol/lufa/lufa.o
 .comment       0x0000000000000000       0x12 obj_gherkin/protocol/lufa/descriptor.o
 .comment       0x0000000000000000       0x12 obj_gherkin/protocol/lufa/LUFA-git/LUFA/Drivers/USB/Class/Common/HIDParser.o
 .comment       0x0000000000000000       0x12 obj_gherkin/protocol/lufa/LUFA-git/LUFA/Drivers/USB/Core/AVR8/Device_AVR8.o
 .comment       0x0000000000000000       0x12 obj_gherkin/protocol/lufa/LUFA-git/LUFA/Drivers/USB/Core/AVR8/EndpointStream_AVR8.o
 .comment       0x0000000000000000       0x12 obj_gherkin/protocol/lufa/LUFA-git/LUFA/Drivers/USB/Core/AVR8/Endpoint_AVR8.o
 .comment       0x0000000000000000       0x12 obj_gherkin/protocol/lufa/LUFA-git/LUFA/Drivers/USB/Core/AVR8/Host_AVR8.o
 .comment       0x0000000000000000       0x12 obj_gherkin/protocol/lufa/LUFA-git/LUFA/Drivers/USB/Core/AVR8/PipeStream_AVR8.o
 .comment       0x0000000000000000       0x12 obj_gherkin/protocol/lufa/LUFA-git/LUFA/Drivers/USB/Core/AVR8/Pipe_AVR8.o
 .comment       0x0000000000000000       0x12 obj_gherkin/protocol/lufa/LUFA-git/LUFA/Drivers/USB/Core/AVR8/USBController_AVR8.o
 .comment       0x0000000000000000       0x12 obj_gherkin/protocol/lufa/LUFA-git/LUFA/Drivers/USB/Core/AVR8/USBInterrupt_AVR8.o
 .comment       0x0000000000000000       0x12 obj_gherkin/protocol/lufa/LUFA-git/LUFA/Drivers/USB/Core/ConfigDescriptors.o
 .comment       0x0000000000000000       0x12 obj_gherkin/protocol/lufa/LUFA-git/LUFA/Drivers/USB/Core/DeviceStandardReq.o
 .comment       0x0000000000000000       0x12 obj_gherkin/protocol/lufa/LUFA-git/LUFA/Drivers/USB/Core/Events.o
 .comment       0x0000000000000000       0x12 obj_gherkin/protocol/lufa/LUFA-git/LUFA/Drivers/USB/Core/HostStandardReq.o
 .comment       0x0000000000000000       0x12 obj_gherkin/protocol/lufa/LUFA-git/LUFA/Drivers/USB/Core/USBTask.o
 .comment       0x0000000000000000       0x12 obj_gherkin/common/host.o
 .comment       0x0000000000000000       0x12 obj_gherkin/common/keyboard.o
 .comment       0x0000000000000000       0x12 obj_gherkin/common/matrix.o
 .comment       0x0000000000000000       0x12 obj_gherkin/common/action.o
 .comment       0x0000000000000000       0x12 obj_gherkin/common/action_tapping.o
 .comment       0x0000000000000000       0x12 obj_gherkin/common/action_macro.o
 .comment       0x0000000000000000       0x12 obj_gherkin/common/action_layer.o
 .comment       0x0000000000000000       0x12 obj_gherkin/common/action_util.o
 .comment       0x0000000000000000       0x12 obj_gherkin/common/print.o
 .comment       0x0000000000000000       0x12 obj_gherkin/common/debug.o
 .comment       0x0000000000000000       0x12 obj_gherkin/common/util.o
 .comment       0x0000000000000000       0x12 obj_gherkin/common/hook.o
 .comment       0x0000000000000000       0x12 obj_gherkin/common/avr/suspend.o
 .comment       0x0000000000000000       0x12 obj_gherkin/common/avr/timer.o
 .comment       0x0000000000000000       0x12 obj_gherkin/common/avr/bootloader.o
 .comment       0x0000000000000000       0x12 obj_gherkin/common/actionmap.o
 .comment       0x0000000000000000       0x12 obj_gherkin/common/bootmagic.o
 .comment       0x0000000000000000       0x12 obj_gherkin/common/avr/eeconfig.o
 .comment       0x0000000000000000       0x12 obj_gherkin/common/mousekey.o
 .comment       0x0000000000000000       0x12 obj_gherkin/common/command.o
 .comment       0x0000000000000000       0x12 obj_gherkin/common/backlight.o

.debug
 *(.debug)

.line
 *(.line)

.debug_srcinfo
 *(.debug_srcinfo)

.debug_sfnames
 *(.debug_sfnames)

.debug_aranges  0x0000000000000000      0xae0
 *(.debug_aranges)
 .debug_aranges
                0x0000000000000000       0x18 obj_gherkin/actionmap_gherkin.o
 .debug_aranges
                0x0000000000000018       0x68 obj_gherkin/matrix.o
 .debug_aranges
                0x0000000000000080       0x20 obj_gherkin/led.o
 .debug_aranges
                0x00000000000000a0       0x28 obj_gherkin/backlight.o
 .debug_aranges
                0x00000000000000c8       0xb8 obj_gherkin/protocol/lufa/lufa.o
 .debug_aranges
                0x0000000000000180       0x20 obj_gherkin/protocol/lufa/descriptor.o
 .debug_aranges
                0x00000000000001a0       0x38 obj_gherkin/protocol/lufa/LUFA-git/LUFA/Drivers/USB/Class/Common/HIDParser.o
 .debug_aranges
                0x00000000000001d8       0x20 obj_gherkin/protocol/lufa/LUFA-git/LUFA/Drivers/USB/Core/AVR8/Device_AVR8.o
 .debug_aranges
                0x00000000000001f8       0xc8 obj_gherkin/protocol/lufa/LUFA-git/LUFA/Drivers/USB/Core/AVR8/EndpointStream_AVR8.o
 .debug_aranges
                0x00000000000002c0       0x40 obj_gherkin/protocol/lufa/LUFA-git/LUFA/Drivers/USB/Core/AVR8/Endpoint_AVR8.o
 .debug_aranges
                0x0000000000000300       0x18 obj_gherkin/protocol/lufa/LUFA-git/LUFA/Drivers/USB/Core/AVR8/Host_AVR8.o
 .debug_aranges
                0x0000000000000318       0x18 obj_gherkin/protocol/lufa/LUFA-git/LUFA/Drivers/USB/Core/AVR8/PipeStream_AVR8.o
 .debug_aranges
                0x0000000000000330       0x18 obj_gherkin/protocol/lufa/LUFA-git/LUFA/Drivers/USB/Core/AVR8/Pipe_AVR8.o
 .debug_aranges
                0x0000000000000348       0x30 obj_gherkin/protocol/lufa/LUFA-git/LUFA/Drivers/USB/Core/AVR8/USBController_AVR8.o
 .debug_aranges
                0x0000000000000378       0x38 obj_gherkin/protocol/lufa/LUFA-git/LUFA/Drivers/USB/Core/AVR8/USBInterrupt_AVR8.o
 .debug_aranges
                0x00000000000003b0       0x40 obj_gherkin/protocol/lufa/LUFA-git/LUFA/Drivers/USB/Core/ConfigDescriptors.o
 .debug_aranges
                0x00000000000003f0       0x20 obj_gherkin/protocol/lufa/LUFA-git/LUFA/Drivers/USB/Core/DeviceStandardReq.o
 .debug_aranges
                0x0000000000000410       0x20 obj_gherkin/protocol/lufa/LUFA-git/LUFA/Drivers/USB/Core/Events.o
 .debug_aranges
                0x0000000000000430       0x18 obj_gherkin/protocol/lufa/LUFA-git/LUFA/Drivers/USB/Core/HostStandardReq.o
 .debug_aranges
                0x0000000000000448       0x20 obj_gherkin/protocol/lufa/LUFA-git/LUFA/Drivers/USB/Core/USBTask.o
 .debug_aranges
                0x0000000000000468       0x60 obj_gherkin/common/host.o
 .debug_aranges
                0x00000000000004c8       0x38 obj_gherkin/common/keyboard.o
 .debug_aranges
                0x0000000000000500       0x58 obj_gherkin/common/matrix.o
 .debug_aranges
                0x0000000000000558       0x78 obj_gherkin/common/action.o
 .debug_aranges
                0x00000000000005d0       0x40 obj_gherkin/common/action_tapping.o
 .debug_aranges
                0x0000000000000610       0x20 obj_gherkin/common/action_macro.o
 .debug_aranges
                0x0000000000000630       0xa0 obj_gherkin/common/action_layer.o
 .debug_aranges
                0x00000000000006d0       0xb0 obj_gherkin/common/action_util.o
 .debug_aranges
                0x0000000000000780       0x20 obj_gherkin/common/print.o
 .debug_aranges
                0x00000000000007a0       0x18 obj_gherkin/common/debug.o
 .debug_aranges
                0x00000000000007b8       0x60 obj_gherkin/common/util.o
 .debug_aranges
                0x0000000000000818       0x48 obj_gherkin/common/hook.o
 .debug_aranges
                0x0000000000000860       0x40 obj_gherkin/common/avr/suspend.o
 .debug_aranges
                0x00000000000008a0       0x50 obj_gherkin/common/avr/timer.o
 .debug_aranges
                0x00000000000008f0       0x28 obj_gherkin/common/avr/bootloader.o
 .debug_aranges
                0x0000000000000918       0x30 obj_gherkin/common/actionmap.o
 .debug_aranges
                0x0000000000000948       0x30 obj_gherkin/common/bootmagic.o
 .debug_aranges
                0x0000000000000978       0x78 obj_gherkin/common/avr/eeconfig.o
 .debug_aranges
                0x00000000000009f0       0x50 obj_gherkin/common/mousekey.o
 .debug_aranges
                0x0000000000000a40       0x58 obj_gherkin/common/command.o
 .debug_aranges
                0x0000000000000a98       0x48 obj_gherkin/common/backlight.o

.debug_pubnames
 *(.debug_pubnames)

.debug_info     0x0000000000000000    0x10d78
 *(.debug_info)
 .debug_info    0x0000000000000000      0xc20 obj_gherkin/actionmap_gherkin.o
 .debug_info    0x0000000000000c20      0x5bf obj_gherkin/matrix.o
 .debug_info    0x00000000000011df       0x91 obj_gherkin/led.o
 .debug_info    0x0000000000001270       0xfb obj_gherkin/backlight.o
 .debug_info    0x000000000000136b     0x162c obj_gherkin/protocol/lufa/lufa.o
 .debug_info    0x0000000000002997      0x818 obj_gherkin/protocol/lufa/descriptor.o
 .debug_info    0x00000000000031af      0x73e obj_gherkin/protocol/lufa/LUFA-git/LUFA/Drivers/USB/Class/Common/HIDParser.o
 .debug_info    0x00000000000038ed       0xd2 obj_gherkin/protocol/lufa/LUFA-git/LUFA/Drivers/USB/Core/AVR8/Device_AVR8.o
 .debug_info    0x00000000000039bf     0x17b4 obj_gherkin/protocol/lufa/LUFA-git/LUFA/Drivers/USB/Core/AVR8/EndpointStream_AVR8.o
 .debug_info    0x0000000000005173      0x614 obj_gherkin/protocol/lufa/LUFA-git/LUFA/Drivers/USB/Core/AVR8/Endpoint_AVR8.o
 .debug_info    0x0000000000005787       0x56 obj_gherkin/protocol/lufa/LUFA-git/LUFA/Drivers/USB/Core/AVR8/Host_AVR8.o
 .debug_info    0x00000000000057dd       0x56 obj_gherkin/protocol/lufa/LUFA-git/LUFA/Drivers/USB/Core/AVR8/PipeStream_AVR8.o
 .debug_info    0x0000000000005833       0x56 obj_gherkin/protocol/lufa/LUFA-git/LUFA/Drivers/USB/Core/AVR8/Pipe_AVR8.o
 .debug_info    0x0000000000005889      0x4cb obj_gherkin/protocol/lufa/LUFA-git/LUFA/Drivers/USB/Core/AVR8/USBController_AVR8.o
 .debug_info    0x0000000000005d54      0x7c4 obj_gherkin/protocol/lufa/LUFA-git/LUFA/Drivers/USB/Core/AVR8/USBInterrupt_AVR8.o
 .debug_info    0x0000000000006518      0x3cd obj_gherkin/protocol/lufa/LUFA-git/LUFA/Drivers/USB/Core/ConfigDescriptors.o
 .debug_info    0x00000000000068e5      0xa57 obj_gherkin/protocol/lufa/LUFA-git/LUFA/Drivers/USB/Core/DeviceStandardReq.o
 .debug_info    0x000000000000733c       0x78 obj_gherkin/protocol/lufa/LUFA-git/LUFA/Drivers/USB/Core/Events.o
 .debug_info    0x00000000000073b4       0x56 obj_gherkin/protocol/lufa/LUFA-git/LUFA/Drivers/USB/Core/HostStandardReq.o
 .debug_info    0x000000000000740a      0x26b obj_gherkin/protocol/lufa/LUFA-git/LUFA/Drivers/USB/Core/USBTask.o
 .debug_info    0x0000000000007675      0x55c obj_gherkin/common/host.o
 .debug_info    0x0000000000007bd1      0x48e obj_gherkin/common/keyboard.o
 .debug_info    0x000000000000805f      0x19d obj_gherkin/common/matrix.o
 .debug_info    0x00000000000081fc     0x19aa obj_gherkin/common/action.o
 .debug_info    0x0000000000009ba6      0xf70 obj_gherkin/common/action_tapping.o
 .debug_info    0x000000000000ab16      0xa10 obj_gherkin/common/action_macro.o
 .debug_info    0x000000000000b526      0x7d3 obj_gherkin/common/action_layer.o
 .debug_info    0x000000000000bcf9      0x719 obj_gherkin/common/action_util.o
 .debug_info    0x000000000000c412       0xda obj_gherkin/common/print.o
 .debug_info    0x000000000000c4ec       0xfc obj_gherkin/common/debug.o
 .debug_info    0x000000000000c5e8      0x29b obj_gherkin/common/util.o
 .debug_info    0x000000000000c883      0x1ff obj_gherkin/common/hook.o
 .debug_info    0x000000000000ca82      0x29b obj_gherkin/common/avr/suspend.o
 .debug_info    0x000000000000cd1d      0x204 obj_gherkin/common/avr/timer.o
 .debug_info    0x000000000000cf21      0x19a obj_gherkin/common/avr/bootloader.o
 .debug_info    0x000000000000d0bb      0x56c obj_gherkin/common/actionmap.o
 .debug_info    0x000000000000d627     0x10d1 obj_gherkin/common/bootmagic.o
 .debug_info    0x000000000000e6f8      0x466 obj_gherkin/common/avr/eeconfig.o
 .debug_info    0x000000000000eb5e      0x7c6 obj_gherkin/common/mousekey.o
 .debug_info    0x000000000000f324     0x1722 obj_gherkin/common/command.o
 .debug_info    0x0000000000010a46      0x332 obj_gherkin/common/backlight.o
 *(.gnu.linkonce.wi.*)

.debug_abbrev   0x0000000000000000     0x4158
 *(.debug_abbrev)
 .debug_abbrev  0x0000000000000000       0xfc obj_gherkin/actionmap_gherkin.o
 .debug_abbrev  0x00000000000000fc      0x329 obj_gherkin/matrix.o
 .debug_abbrev  0x0000000000000425       0x60 obj_gherkin/led.o
 .debug_abbrev  0x0000000000000485       0xaa obj_gherkin/backlight.o
 .debug_abbrev  0x000000000000052f      0x4d2 obj_gherkin/protocol/lufa/lufa.o
 .debug_abbrev  0x0000000000000a01      0x177 obj_gherkin/protocol/lufa/descriptor.o
 .debug_abbrev  0x0000000000000b78      0x21e obj_gherkin/protocol/lufa/LUFA-git/LUFA/Drivers/USB/Class/Common/HIDParser.o
 .debug_abbrev  0x0000000000000d96       0x80 obj_gherkin/protocol/lufa/LUFA-git/LUFA/Drivers/USB/Core/AVR8/Device_AVR8.o
 .debug_abbrev  0x0000000000000e16      0x213 obj_gherkin/protocol/lufa/LUFA-git/LUFA/Drivers/USB/Core/AVR8/EndpointStream_AVR8.o
 .debug_abbrev  0x0000000000001029      0x222 obj_gherkin/protocol/lufa/LUFA-git/LUFA/Drivers/USB/Core/AVR8/Endpoint_AVR8.o
 .debug_abbrev  0x000000000000124b       0x26 obj_gherkin/protocol/lufa/LUFA-git/LUFA/Drivers/USB/Core/AVR8/Host_AVR8.o
 .debug_abbrev  0x0000000000001271       0x26 obj_gherkin/protocol/lufa/LUFA-git/LUFA/Drivers/USB/Core/AVR8/PipeStream_AVR8.o
 .debug_abbrev  0x0000000000001297       0x26 obj_gherkin/protocol/lufa/LUFA-git/LUFA/Drivers/USB/Core/AVR8/Pipe_AVR8.o
 .debug_abbrev  0x00000000000012bd      0x196 obj_gherkin/protocol/lufa/LUFA-git/LUFA/Drivers/USB/Core/AVR8/USBController_AVR8.o
 .debug_abbrev  0x0000000000001453      0x234 obj_gherkin/protocol/lufa/LUFA-git/LUFA/Drivers/USB/Core/AVR8/USBInterrupt_AVR8.o
 .debug_abbrev  0x0000000000001687      0x183 obj_gherkin/protocol/lufa/LUFA-git/LUFA/Drivers/USB/Core/ConfigDescriptors.o
 .debug_abbrev  0x000000000000180a      0x2d8 obj_gherkin/protocol/lufa/LUFA-git/LUFA/Drivers/USB/Core/DeviceStandardReq.o
 .debug_abbrev  0x0000000000001ae2       0x44 obj_gherkin/protocol/lufa/LUFA-git/LUFA/Drivers/USB/Core/Events.o
 .debug_abbrev  0x0000000000001b26       0x26 obj_gherkin/protocol/lufa/LUFA-git/LUFA/Drivers/USB/Core/HostStandardReq.o
 .debug_abbrev  0x0000000000001b4c      0x168 obj_gherkin/protocol/lufa/LUFA-git/LUFA/Drivers/USB/Core/USBTask.o
 .debug_abbrev  0x0000000000001cb4      0x229 obj_gherkin/common/host.o
 .debug_abbrev  0x0000000000001edd      0x226 obj_gherkin/common/keyboard.o
 .debug_abbrev  0x0000000000002103       0xf7 obj_gherkin/common/matrix.o
 .debug_abbrev  0x00000000000021fa      0x323 obj_gherkin/common/action.o
 .debug_abbrev  0x000000000000251d      0x2ef obj_gherkin/common/action_tapping.o
 .debug_abbrev  0x000000000000280c      0x1ac obj_gherkin/common/action_macro.o
 .debug_abbrev  0x00000000000029b8      0x20b obj_gherkin/common/action_layer.o
 .debug_abbrev  0x0000000000002bc3      0x31c obj_gherkin/common/action_util.o
 .debug_abbrev  0x0000000000002edf       0x97 obj_gherkin/common/print.o
 .debug_abbrev  0x0000000000002f76       0x87 obj_gherkin/common/debug.o
 .debug_abbrev  0x0000000000002ffd       0xcb obj_gherkin/common/util.o
 .debug_abbrev  0x00000000000030c8      0x100 obj_gherkin/common/hook.o
 .debug_abbrev  0x00000000000031c8      0x1b1 obj_gherkin/common/avr/suspend.o
 .debug_abbrev  0x0000000000003379      0x11e obj_gherkin/common/avr/timer.o
 .debug_abbrev  0x0000000000003497      0x11c obj_gherkin/common/avr/bootloader.o
 .debug_abbrev  0x00000000000035b3      0x17c obj_gherkin/common/actionmap.o
 .debug_abbrev  0x000000000000372f      0x2b3 obj_gherkin/common/bootmagic.o
 .debug_abbrev  0x00000000000039e2       0xef obj_gherkin/common/avr/eeconfig.o
 .debug_abbrev  0x0000000000003ad1      0x204 obj_gherkin/common/mousekey.o
 .debug_abbrev  0x0000000000003cd5      0x336 obj_gherkin/common/command.o
 .debug_abbrev  0x000000000000400b      0x14d obj_gherkin/common/backlight.o

.debug_line     0x0000000000000000     0x5614
 *(.debug_line)
 .debug_line    0x0000000000000000       0xcf obj_gherkin/actionmap_gherkin.o